Component: Arm Compiler for Embedded 6.23 Tool: armlink [5f102400]

==============================================================================

Small function inlining results

Inlined function __aeabi_idiv0 from aeabi_idiv0.o at offset 0x160 in aeabi_sdiv.o(.text).
Inlined Instruction: BX       lr
Inlined function __aeabi_idiv0 from aeabi_idiv0.o at offset 0xc in aeabi_sdiv_div0.o(.text).
Inlined Instruction: BX       lr
Inlined function __aeabi_idiv0 from aeabi_idiv0.o at offset 0x176 in aeabi_sdiv_div0.o(.text).
Inlined Instruction: BX       lr
Inlined function _platform_pre_stackheap_init from boardinit1.o at offset 0x0 in __rtentry2.o(.ARM.Collect$$rtentry$$00000001).
Inlined Instruction: BX       lr
Inlined function _fp_init from fpinit.o at offset 0x0 in libinit2.o(.ARM.Collect$$libinit$$00000001).
Inlined Instruction: BX       lr
Inlined function _platform_pre_lib_shutdown from boardshut.o at offset 0x0 in rtexit2.o(.ARM.Collect$$rtexit$$00000001).
Inlined Instruction: BX       lr
Inlined function __ARM_get_argv from no_argv.o at offset 0x2 in argv_veneer.o(.text).
Inlined Instruction: BX       lr
Inlined total of 7 calls.

==============================================================================

Section Cross References

    system_nuc1261.o(.text) refers to aeabi_sdiv.o(.text) for __aeabi_uidiv
    system_nuc1261.o(.text) refers to system_nuc1261.o(.data.PllClock) for PllClock
    system_nuc1261.o(.text) refers to system_nuc1261.o(.rodata.gau32ClkSrcTbl) for gau32ClkSrcTbl
    system_nuc1261.o(.text) refers to system_nuc1261.o(.data.SystemCoreClock) for SystemCoreClock
    system_nuc1261.o(.text) refers to system_nuc1261.o(.data.CyclesPerUs) for CyclesPerUs
    system_nuc1261.o(.ARM.exidx) refers to system_nuc1261.o(.text) for [Anonymous Symbol]
    startup_nuc1261.o(STACK) refers (Special) to heapauxi.o(.text) for __use_two_region_memory
    startup_nuc1261.o(HEAP) refers (Special) to heapauxi.o(.text) for __use_two_region_memory
    startup_nuc1261.o(RESET) refers (Special) to heapauxi.o(.text) for __use_two_region_memory
    startup_nuc1261.o(RESET) refers to startup_nuc1261.o(STACK) for __initial_sp
    startup_nuc1261.o(RESET) refers to startup_nuc1261.o(.text) for Reset_Handler
    startup_nuc1261.o(RESET) refers to uart_user.o(.text) for UART02_IRQHandler
    startup_nuc1261.o(.text) refers (Special) to heapauxi.o(.text) for __use_two_region_memory
    startup_nuc1261.o(.text) refers to __main.o(!!!main) for __main
    startup_nuc1261.o(.text) refers to main.o(.text) for ProcessHardFault
    startup_nuc1261.o(.text) refers to startup_nuc1261.o(HEAP) for Heap_Mem
    startup_nuc1261.o(.text) refers to startup_nuc1261.o(STACK) for Stack_Mem
    main.o(.text) refers to system_nuc1261.o(.data.PllClock) for PllClock
    main.o(.text) refers to system_nuc1261.o(.data.SystemCoreClock) for SystemCoreClock
    main.o(.text) refers to system_nuc1261.o(.data.CyclesPerUs) for CyclesPerUs
    main.o(.text) refers to uart_user.o(.text) for UART_Init
    main.o(.text) refers to wdt_user.o(.text) for InitWDT
    main.o(.text) refers to fw_selfcheck.o(.text) for FirmwareSelfCheck
    main.o(.text) refers to fw_status.o(.text) for WRITE_FW_STATUS_FLAG
    main.o(.text) refers to fw_ota_mark_setup.o(.text) for MarkFirmwareAsActive
    main.o(.text) refers to main.o(.bss.g_marked_active) for g_marked_active
    main.o(.text) refers to uart_user.o(.bss.bUartDataReady) for bUartDataReady
    main.o(.text) refers to main.o(.bss.BlinkLED.tick) for [Anonymous Symbol]
    main.o(.ARM.exidx) refers to main.o(.text) for [Anonymous Symbol]
    crc_util.o(.text) refers to crc.o(.text) for CRC_Open
    crc_util.o(.text) refers to rt_memcpy.o(.text) for __aeabi_memcpy
    crc_util.o(.ARM.exidx) refers to crc_util.o(.text) for [Anonymous Symbol]
    fmc_user.o(.text) refers to system_nuc1261.o(.data.SystemCoreClock) for SystemCoreClock
    fmc_user.o(.ARM.exidx) refers to fmc_user.o(.text) for [Anonymous Symbol]
    fw_metadata.o(.text) refers to fmc.o(.text) for FMC_Open
    fw_metadata.o(.text) refers to crc_util.o(.text) for CRC32_Calc
    fw_metadata.o(.text) refers to fmc_user.o(.text) for FMC_Proc
    fw_metadata.o(.ARM.exidx) refers to fw_metadata.o(.text) for [Anonymous Symbol]
    fw_ota_mark_setup.o(.text) refers to fw_metadata.o(.text) for WriteMetadata
    fw_ota_mark_setup.o(.text) refers to fmc.o(.text) for FMC_Open
    fw_ota_mark_setup.o(.text) refers to fmc_user.o(.text) for FMC_Proc
    fw_ota_mark_setup.o(.ARM.exidx) refers to fw_ota_mark_setup.o(.text) for [Anonymous Symbol]
    fw_selfcheck.o(.text) refers to fw_ota_mark_setup.o(.text) for ScanMetadataPair
    fw_selfcheck.o(.text) refers to fw_metadata.o(.text) for VerifyFirmware
    fw_selfcheck.o(.text) refers to fw_selfcheck.o(.bss.g_fw_ctx) for [Anonymous Symbol]
    fw_selfcheck.o(.text) refers to system_nuc1261.o(.data.CyclesPerUs) for CyclesPerUs
    fw_selfcheck.o(.text) refers to uart_user.o(.bss.uart_rcvbuf) for uart_rcvbuf
    fw_selfcheck.o(.text) refers to uart_user.o(.bss.bufhead) for bufhead
    fw_selfcheck.o(.text) refers to uart_user.o(.bss.bUartDataReady) for bUartDataReady
    fw_selfcheck.o(.text) refers to fw_status.o(.text) for WRITE_FW_STATUS_FLAG
    fw_selfcheck.o(.text) refers to uart_comm.o(.text) for Mcu_respond
    fw_selfcheck.o(.text) refers to wdt.o(.text) for WDT_Open
    fw_selfcheck.o(.text) refers to fmc.o(.text) for FMC_Open
    fw_selfcheck.o(.text) refers to fmc_user.o(.bss.g_FMC_i32ErrCode) for g_FMC_i32ErrCode
    fw_selfcheck.o(.text) refers to system_nuc1261.o(.data.SystemCoreClock) for SystemCoreClock
    fw_selfcheck.o(.ARM.exidx) refers to fw_selfcheck.o(.text) for [Anonymous Symbol]
    fw_status.o(.text) refers to fmc.o(.text) for FMC_Open
    fw_status.o(.text) refers to fmc_user.o(.text) for FMC_Proc
    fw_status.o(.ARM.exidx) refers to fw_status.o(.text) for [Anonymous Symbol]
    uart_comm.o(.text) refers to fmc.o(.text) for FMC_Open
    uart_comm.o(.text) refers to aeabi_memset.o(.text) for __aeabi_memset
    uart_comm.o(.text) refers to rt_memcpy.o(.text) for __aeabi_memcpy
    uart_comm.o(.text) refers to uart_user.o(.text) for PutString
    uart_comm.o(.text) refers to uart_user.o(.bss.response_buff) for response_buff
    uart_comm.o(.text) refers to uart_user.o(.bss.uart_rcvbuf) for uart_rcvbuf
    uart_comm.o(.text) refers to uart_comm.o(.bss.Mcu_respond.packet_seq) for [Anonymous Symbol]
    uart_comm.o(.ARM.exidx) refers to uart_comm.o(.text) for [Anonymous Symbol]
    uart_user.o(.text) refers to uart_user.o(.bss.bufhead) for bufhead
    uart_user.o(.text) refers to uart_user.o(.bss.bUartDataReady) for bUartDataReady
    uart_user.o(.text) refers to uart_user.o(.bss.uart_rcvbuf) for uart_rcvbuf
    uart_user.o(.text) refers to uart_user.o(.bss.response_buff) for response_buff
    uart_user.o(.ARM.exidx) refers to uart_user.o(.text) for [Anonymous Symbol]
    wdt_user.o(.text) refers to wdt.o(.text) for WDT_Open
    wdt_user.o(.ARM.exidx) refers to wdt_user.o(.text) for [Anonymous Symbol]
    crc.o(.ARM.exidx) refers to crc.o(.text) for [Anonymous Symbol]
    fmc.o(.text) refers to fmc_user.o(.bss.g_FMC_i32ErrCode) for g_FMC_i32ErrCode
    fmc.o(.text) refers to system_nuc1261.o(.data.SystemCoreClock) for SystemCoreClock
    fmc.o(.ARM.exidx) refers to fmc.o(.text) for [Anonymous Symbol]
    wdt.o(.ARM.exidx) refers to wdt.o(.text) for [Anonymous Symbol]
    rt_memcpy.o(.text) refers to rt_memcpy.o(.emb_text) for __aeabi_memcpy4
    aeabi_memset.o(.text) refers to rt_memclr.o(.text) for _memset
    __main.o(!!!main) refers to __rtentry.o(.ARM.Collect$$rtentry$$00000000) for __rt_entry
    __rtentry.o(.ARM.Collect$$rtentry$$00000000) refers (Special) to __rtentry2.o(.ARM.Collect$$rtentry$$0000000A) for __rt_entry_li
    __rtentry.o(.ARM.Collect$$rtentry$$00000000) refers (Special) to __rtentry2.o(.ARM.Collect$$rtentry$$0000000D) for __rt_entry_main
    __rtentry.o(.ARM.Collect$$rtentry$$00000000) refers (Special) to __rtentry2.o(.ARM.Collect$$rtentry$$0000000C) for __rt_entry_postli_1
    __rtentry.o(.ARM.Collect$$rtentry$$00000000) refers (Special) to __rtentry2.o(.ARM.Collect$$rtentry$$00000009) for __rt_entry_postsh_1
    __rtentry.o(.ARM.Collect$$rtentry$$00000000) refers (Special) to __rtentry2.o(.ARM.Collect$$rtentry$$00000002) for __rt_entry_presh_1
    __rtentry.o(.ARM.Collect$$rtentry$$00000000) refers (Special) to __rtentry4.o(.ARM.Collect$$rtentry$$00000004) for __rt_entry_sh
    aeabi_idiv0_sigfpe.o(.text) refers to rt_div0.o(.text) for __rt_div0
    __rtentry2.o(.ARM.Collect$$rtentry$$00000008) refers to boardinit2.o(.text) for _platform_post_stackheap_init
    __rtentry2.o(.ARM.Collect$$rtentry$$0000000A) refers to libinit.o(.ARM.Collect$$libinit$$00000000) for __rt_lib_init
    __rtentry2.o(.ARM.Collect$$rtentry$$0000000B) refers to boardinit3.o(.text) for _platform_post_lib_init
    __rtentry2.o(.ARM.Collect$$rtentry$$0000000D) refers to main.o(.text) for main
    __rtentry2.o(.ARM.Collect$$rtentry$$0000000D) refers to exit.o(.text) for exit
    __rtentry2.o(.ARM.exidx) refers to __rtentry2.o(.ARM.Collect$$rtentry$$00000001) for .ARM.Collect$$rtentry$$00000001
    __rtentry2.o(.ARM.exidx) refers to __rtentry2.o(.ARM.Collect$$rtentry$$00000008) for .ARM.Collect$$rtentry$$00000008
    __rtentry2.o(.ARM.exidx) refers to __rtentry2.o(.ARM.Collect$$rtentry$$0000000A) for .ARM.Collect$$rtentry$$0000000A
    __rtentry2.o(.ARM.exidx) refers to __rtentry2.o(.ARM.Collect$$rtentry$$0000000B) for .ARM.Collect$$rtentry$$0000000B
    __rtentry2.o(.ARM.exidx) refers to __rtentry2.o(.ARM.Collect$$rtentry$$0000000D) for .ARM.Collect$$rtentry$$0000000D
    __rtentry4.o(.ARM.Collect$$rtentry$$00000004) refers to sys_stackheap_outer.o(.text) for __user_setup_stackheap
    __rtentry4.o(.ARM.exidx) refers to __rtentry4.o(.ARM.Collect$$rtentry$$00000004) for .ARM.Collect$$rtentry$$00000004
    rt_div0.o(.text) refers to defsig_fpe_outer.o(.text) for __rt_SIGFPE
    sys_stackheap_outer.o(.text) refers to libspace.o(.text) for __user_perproc_libspace
    sys_stackheap_outer.o(.text) refers to startup_nuc1261.o(.text) for __user_initial_stackheap
    sys_stackheap_outer.o(__vectab_stack_and_reset_area) refers to tempstk.o(.text) for __temporary_stack_top
    sys_stackheap_outer.o(__vectab_stack_and_reset_area) refers to __main.o(!!!main) for __main
    exit.o(.text) refers to rtexit.o(.ARM.Collect$$rtexit$$00000000) for __rt_exit
    defsig_fpe_outer.o(.text) refers to defsig_fpe_inner.o(.text) for __rt_SIGFPE_inner
    defsig_fpe_outer.o(.text) refers to defsig_exit.o(.text) for __sig_exit
    defsig_fpe_formal.o(.text) refers to rt_raise.o(.text) for __rt_raise
    libinit.o(.ARM.Collect$$libinit$$00000000) refers (Special) to libinit2.o(.ARM.Collect$$libinit$$00000030) for __rt_lib_init_alloca_1
    libinit.o(.ARM.Collect$$libinit$$00000000) refers (Special) to libinit2.o(.ARM.Collect$$libinit$$0000002E) for __rt_lib_init_argv_1
    libinit.o(.ARM.Collect$$libinit$$00000000) refers (Special) to libinit2.o(.ARM.Collect$$libinit$$0000001D) for __rt_lib_init_atexit_1
    libinit.o(.ARM.Collect$$libinit$$00000000) refers (Special) to libinit2.o(.ARM.Collect$$libinit$$00000023) for __rt_lib_init_clock_1
    libinit.o(.ARM.Collect$$libinit$$00000000) refers (Special) to libinit2.o(.ARM.Collect$$libinit$$00000034) for __rt_lib_init_cpp_1
    libinit.o(.ARM.Collect$$libinit$$00000000) refers (Special) to libinit2.o(.ARM.Collect$$libinit$$00000032) for __rt_lib_init_exceptions_1
    libinit.o(.ARM.Collect$$libinit$$00000000) refers (Special) to libinit2.o(.ARM.Collect$$libinit$$00000002) for __rt_lib_init_fp_1
    libinit.o(.ARM.Collect$$libinit$$00000000) refers (Special) to libinit2.o(.ARM.Collect$$libinit$$00000021) for __rt_lib_init_fp_trap_1
    libinit.o(.ARM.Collect$$libinit$$00000000) refers (Special) to libinit2.o(.ARM.Collect$$libinit$$00000025) for __rt_lib_init_getenv_1
    libinit.o(.ARM.Collect$$libinit$$00000000) refers (Special) to libinit2.o(.ARM.Collect$$libinit$$0000000C) for __rt_lib_init_heap_1
    libinit.o(.ARM.Collect$$libinit$$00000000) refers (Special) to libinit2.o(.ARM.Collect$$libinit$$00000013) for __rt_lib_init_lc_collate_1
    libinit.o(.ARM.Collect$$libinit$$00000000) refers (Special) to libinit2.o(.ARM.Collect$$libinit$$00000015) for __rt_lib_init_lc_ctype_1
    libinit.o(.ARM.Collect$$libinit$$00000000) refers (Special) to libinit2.o(.ARM.Collect$$libinit$$00000017) for __rt_lib_init_lc_monetary_1
    libinit.o(.ARM.Collect$$libinit$$00000000) refers (Special) to libinit2.o(.ARM.Collect$$libinit$$00000019) for __rt_lib_init_lc_numeric_1
    libinit.o(.ARM.Collect$$libinit$$00000000) refers (Special) to libinit2.o(.ARM.Collect$$libinit$$0000001B) for __rt_lib_init_lc_time_1
    libinit.o(.ARM.Collect$$libinit$$00000000) refers (Special) to libinit2.o(.ARM.Collect$$libinit$$00000006) for __rt_lib_init_preinit_1
    libinit.o(.ARM.Collect$$libinit$$00000000) refers (Special) to libinit2.o(.ARM.Collect$$libinit$$00000010) for __rt_lib_init_rand_1
    libinit.o(.ARM.Collect$$libinit$$00000000) refers (Special) to libinit2.o(.ARM.Collect$$libinit$$00000004) for __rt_lib_init_relocate_pie_1
    libinit.o(.ARM.Collect$$libinit$$00000000) refers (Special) to libinit2.o(.ARM.Collect$$libinit$$00000035) for __rt_lib_init_return
    libinit.o(.ARM.Collect$$libinit$$00000000) refers (Special) to libinit2.o(.ARM.Collect$$libinit$$0000001F) for __rt_lib_init_signal_1
    libinit.o(.ARM.Collect$$libinit$$00000000) refers (Special) to libinit2.o(.ARM.Collect$$libinit$$00000027) for __rt_lib_init_stdio_1
    libinit.o(.ARM.Collect$$libinit$$00000000) refers (Special) to libinit2.o(.ARM.Collect$$libinit$$0000000E) for __rt_lib_init_user_alloc_1
    libspace.o(.text) refers to libspace.o(.bss) for __libspace_start
    rtexit.o(.ARM.Collect$$rtexit$$00000000) refers (Special) to rtexit2.o(.ARM.Collect$$rtexit$$00000004) for __rt_exit_exit
    rtexit.o(.ARM.Collect$$rtexit$$00000000) refers (Special) to rtexit2.o(.ARM.Collect$$rtexit$$00000003) for __rt_exit_ls
    rtexit.o(.ARM.Collect$$rtexit$$00000000) refers (Special) to rtexit2.o(.ARM.Collect$$rtexit$$00000002) for __rt_exit_prels_1
    rtexit.o(.ARM.exidx) refers (Special) to rtexit2.o(.ARM.Collect$$rtexit$$00000004) for __rt_exit_exit
    rtexit.o(.ARM.exidx) refers (Special) to rtexit2.o(.ARM.Collect$$rtexit$$00000003) for __rt_exit_ls
    rtexit.o(.ARM.exidx) refers (Special) to rtexit2.o(.ARM.Collect$$rtexit$$00000002) for __rt_exit_prels_1
    rtexit.o(.ARM.exidx) refers to rtexit.o(.ARM.Collect$$rtexit$$00000000) for .ARM.Collect$$rtexit$$00000000
    rt_raise.o(.text) refers to __raise.o(.text) for __raise
    rt_raise.o(.text) refers to sys_exit.o(.text) for _sys_exit
    defsig_exit.o(.text) refers to sys_exit.o(.text) for _sys_exit
    defsig_fpe_inner.o(.text) refers to defsig_general.o(.text) for __default_signal_display
    libinit2.o(.ARM.Collect$$libinit$$00000012) refers to libinit2.o(.ARM.Collect$$libinit$$00000011) for .ARM.Collect$$libinit$$00000011
    libinit2.o(.ARM.Collect$$libinit$$00000014) refers to libinit2.o(.ARM.Collect$$libinit$$00000011) for .ARM.Collect$$libinit$$00000011
    libinit2.o(.ARM.Collect$$libinit$$00000016) refers to libinit2.o(.ARM.Collect$$libinit$$00000011) for .ARM.Collect$$libinit$$00000011
    libinit2.o(.ARM.Collect$$libinit$$00000018) refers to libinit2.o(.ARM.Collect$$libinit$$00000011) for .ARM.Collect$$libinit$$00000011
    libinit2.o(.ARM.Collect$$libinit$$0000001A) refers to libinit2.o(.ARM.Collect$$libinit$$00000011) for .ARM.Collect$$libinit$$00000011
    libinit2.o(.ARM.Collect$$libinit$$00000028) refers to argv_veneer.o(.text) for __ARM_argv_veneer
    libinit2.o(.ARM.Collect$$libinit$$00000029) refers to argv_veneer.o(.text) for __ARM_argv_veneer
    sys_exit.o(.text) refers (Special) to use_no_semi.o(.text) for __I$use$semihosting
    sys_exit.o(.text) refers (Special) to indicate_semi.o(.text) for __semihosting_library_function
    sys_exit_hlt.o(.text) refers (Special) to use_no_semi.o(.text) for __I$use$semihosting
    sys_exit_hlt.o(.text) refers (Special) to indicate_semi.o(.text) for __semihosting_library_function
    rtexit2.o(.ARM.Collect$$rtexit$$00000003) refers to libshutdown.o(.ARM.Collect$$libshutdown$$00000000) for __rt_lib_shutdown
    rtexit2.o(.ARM.Collect$$rtexit$$00000004) refers to sys_exit.o(.text) for _sys_exit
    rtexit2.o(.ARM.exidx) refers to rtexit2.o(.ARM.Collect$$rtexit$$00000001) for .ARM.Collect$$rtexit$$00000001
    rtexit2.o(.ARM.exidx) refers to rtexit2.o(.ARM.Collect$$rtexit$$00000003) for .ARM.Collect$$rtexit$$00000003
    rtexit2.o(.ARM.exidx) refers to rtexit2.o(.ARM.Collect$$rtexit$$00000004) for .ARM.Collect$$rtexit$$00000004
    __raise.o(.text) refers to defsig.o(CL$$defsig) for __default_signal_handler
    defsig_general.o(.text) refers to sys_wrch.o(.text) for _ttywrch
    sys_wrch.o(.text) refers (Special) to use_no_semi.o(.text) for __I$use$semihosting
    sys_wrch.o(.text) refers (Special) to indicate_semi.o(.text) for __semihosting_library_function
    sys_wrch_hlt.o(.text) refers (Special) to use_no_semi.o(.text) for __I$use$semihosting
    sys_wrch_hlt.o(.text) refers (Special) to indicate_semi.o(.text) for __semihosting_library_function
    defsig.o(CL$$defsig) refers to defsig_fpe_inner.o(.text) for __rt_SIGFPE_inner
    defsig.o(CL$$defsig) refers to defsig_rtmem_inner.o(.text) for __rt_SIGRTMEM_inner
    _get_argv_nomalloc.o(.text) refers (Special) to hrguard.o(.text) for __heap_region$guard
    _get_argv_nomalloc.o(.text) refers to defsig_rtmem_outer.o(.text) for __rt_SIGRTMEM
    _get_argv_nomalloc.o(.text) refers to sys_command.o(.text) for _sys_command_string
    libshutdown.o(.ARM.Collect$$libshutdown$$00000000) refers (Special) to libshutdown2.o(.ARM.Collect$$libshutdown$$00000002) for __rt_lib_shutdown_cpp_1
    libshutdown.o(.ARM.Collect$$libshutdown$$00000000) refers (Special) to libshutdown2.o(.ARM.Collect$$libshutdown$$00000007) for __rt_lib_shutdown_fp_trap_1
    libshutdown.o(.ARM.Collect$$libshutdown$$00000000) refers (Special) to libshutdown2.o(.ARM.Collect$$libshutdown$$0000000F) for __rt_lib_shutdown_heap_1
    libshutdown.o(.ARM.Collect$$libshutdown$$00000000) refers (Special) to libshutdown2.o(.ARM.Collect$$libshutdown$$00000010) for __rt_lib_shutdown_return
    libshutdown.o(.ARM.Collect$$libshutdown$$00000000) refers (Special) to libshutdown2.o(.ARM.Collect$$libshutdown$$0000000A) for __rt_lib_shutdown_signal_1
    libshutdown.o(.ARM.Collect$$libshutdown$$00000000) refers (Special) to libshutdown2.o(.ARM.Collect$$libshutdown$$00000004) for __rt_lib_shutdown_stdio_1
    libshutdown.o(.ARM.Collect$$libshutdown$$00000000) refers (Special) to libshutdown2.o(.ARM.Collect$$libshutdown$$0000000C) for __rt_lib_shutdown_user_alloc_1
    sys_command.o(.text) refers (Special) to use_no_semi.o(.text) for __I$use$semihosting
    sys_command.o(.text) refers (Special) to indicate_semi.o(.text) for __semihosting_library_function
    sys_command_hlt.o(.text) refers (Special) to use_no_semi.o(.text) for __I$use$semihosting
    sys_command_hlt.o(.text) refers (Special) to indicate_semi.o(.text) for __semihosting_library_function
    defsig_abrt_inner.o(.text) refers to defsig_general.o(.text) for __default_signal_display
    defsig_rtred_inner.o(.text) refers to defsig_general.o(.text) for __default_signal_display
    defsig_rtmem_inner.o(.text) refers to defsig_general.o(.text) for __default_signal_display
    defsig_rtmem_outer.o(.text) refers to defsig_rtmem_inner.o(.text) for __rt_SIGRTMEM_inner
    defsig_rtmem_outer.o(.text) refers to defsig_exit.o(.text) for __sig_exit
    defsig_rtmem_formal.o(.text) refers to rt_raise.o(.text) for __rt_raise
    defsig_stak_inner.o(.text) refers to defsig_general.o(.text) for __default_signal_display
    defsig_pvfn_inner.o(.text) refers to defsig_general.o(.text) for __default_signal_display
    defsig_cppl_inner.o(.text) refers to defsig_general.o(.text) for __default_signal_display
    defsig_segv_inner.o(.text) refers to defsig_general.o(.text) for __default_signal_display
    defsig_other.o(.text) refers to defsig_general.o(.text) for __default_signal_display


==============================================================================

Removing Unused input sections from the image.

    Removing system_nuc1261.o(.text), (302 bytes).
    Removing system_nuc1261.o(.ARM.exidx), (24 bytes).
    Removing system_nuc1261.o(.rodata.gau32ClkSrcTbl), (32 bytes).
    Removing system_nuc1261.o(.rodata.cst4), (4 bytes).
    Removing main.o(.ARM.exidx), (64 bytes).
    Removing main.o(.ARM.use_no_argv), (4 bytes).
    Removing crc_util.o(.ARM.exidx), (8 bytes).
    Removing fmc_user.o(.ARM.exidx), (16 bytes).
    Removing fw_metadata.o(.ARM.exidx), (24 bytes).
    Removing fw_ota_mark_setup.o(.ARM.exidx), (16 bytes).
    Removing fw_ota_mark_setup.o(.rodata.cst8), (8 bytes).
    Removing fw_selfcheck.o(.ARM.exidx), (72 bytes).
    Removing fw_status.o(.ARM.exidx), (16 bytes).
    Removing uart_comm.o(.ARM.exidx), (8 bytes).
    Removing uart_user.o(.ARM.exidx), (40 bytes).
    Removing wdt_user.o(.ARM.exidx), (24 bytes).
    Removing crc.o(.ARM.exidx), (16 bytes).
    Removing fmc.o(.ARM.exidx), (152 bytes).
    Removing wdt.o(.ARM.exidx), (8 bytes).

19 unused section(s) (total 838 bytes) removed from the image.

==============================================================================

Image Symbol Table

    Local Symbols

    Symbol Name                              Value     Ov Type        Size  Object(Section)

    ../clib/angel/boardlib.s                 0x00000000   Number         0  boardinit1.o ABSOLUTE
    ../clib/angel/boardlib.s                 0x00000000   Number         0  boardinit2.o ABSOLUTE
    ../clib/angel/boardlib.s                 0x00000000   Number         0  boardinit3.o ABSOLUTE
    ../clib/angel/boardlib.s                 0x00000000   Number         0  boardshut.o ABSOLUTE
    ../clib/angel/handlers.s                 0x00000000   Number         0  __scatter_copy.o ABSOLUTE
    ../clib/angel/handlers.s                 0x00000000   Number         0  __scatter_zi.o ABSOLUTE
    ../clib/angel/kernel.s                   0x00000000   Number         0  __rtentry.o ABSOLUTE
    ../clib/angel/kernel.s                   0x00000000   Number         0  __rtentry2.o ABSOLUTE
    ../clib/angel/kernel.s                   0x00000000   Number         0  __rtentry4.o ABSOLUTE
    ../clib/angel/kernel.s                   0x00000000   Number         0  rtexit.o ABSOLUTE
    ../clib/angel/kernel.s                   0x00000000   Number         0  rtexit2.o ABSOLUTE
    ../clib/angel/rt.s                       0x00000000   Number         0  aeabi_idiv0.o ABSOLUTE
    ../clib/angel/rt.s                       0x00000000   Number         0  aeabi_idiv0_sigfpe.o ABSOLUTE
    ../clib/angel/rt.s                       0x00000000   Number         0  rt_div0.o ABSOLUTE
    ../clib/angel/rt.s                       0x00000000   Number         0  rt_raise.o ABSOLUTE
    ../clib/angel/scatterp.s                 0x00000000   Number         0  __scatter.o ABSOLUTE
    ../clib/angel/startup.s                  0x00000000   Number         0  __main.o ABSOLUTE
    ../clib/angel/sys.s                      0x00000000   Number         0  sys_stackheap_outer.o ABSOLUTE
    ../clib/angel/sys.s                      0x00000000   Number         0  libspace.o ABSOLUTE
    ../clib/angel/sys.s                      0x00000000   Number         0  tempstk.o ABSOLUTE
    ../clib/angel/sys.s                      0x00000000   Number         0  use_no_semi.o ABSOLUTE
    ../clib/angel/sys.s                      0x00000000   Number         0  indicate_semi.o ABSOLUTE
    ../clib/angel/sysapp.c                   0x00000000   Number         0  sys_exit.o ABSOLUTE
    ../clib/angel/sysapp.c                   0x00000000   Number         0  sys_exit_hlt.o ABSOLUTE
    ../clib/angel/sysapp.c                   0x00000000   Number         0  sys_wrch.o ABSOLUTE
    ../clib/angel/sysapp.c                   0x00000000   Number         0  sys_wrch_hlt.o ABSOLUTE
    ../clib/angel/sysapp.c                   0x00000000   Number         0  sys_command.o ABSOLUTE
    ../clib/angel/sysapp.c                   0x00000000   Number         0  sys_command_hlt.o ABSOLUTE
    ../clib/armsys.c                         0x00000000   Number         0  argv_veneer.o ABSOLUTE
    ../clib/armsys.c                         0x00000000   Number         0  _get_argv_nomalloc.o ABSOLUTE
    ../clib/armsys.c                         0x00000000   Number         0  no_argv.o ABSOLUTE
    ../clib/division.s                       0x00000000   Number         0  aeabi_sdiv.o ABSOLUTE
    ../clib/division.s                       0x00000000   Number         0  aeabi_sdiv_div0.o ABSOLUTE
    ../clib/heapalloc.c                      0x00000000   Number         0  hrguard.o ABSOLUTE
    ../clib/heapaux.c                        0x00000000   Number         0  heapauxi.o ABSOLUTE
    ../clib/libinit.s                        0x00000000   Number         0  libinit.o ABSOLUTE
    ../clib/libinit.s                        0x00000000   Number         0  libinit2.o ABSOLUTE
    ../clib/libinit.s                        0x00000000   Number         0  libshutdown.o ABSOLUTE
    ../clib/libinit.s                        0x00000000   Number         0  libshutdown2.o ABSOLUTE
    ../clib/memcpset.c                       0x00000000   Number         0  rt_memcpy.o ABSOLUTE
    ../clib/memcpset.c                       0x00000000   Number         0  rt_memcpy.o ABSOLUTE
    ../clib/memcpset.c                       0x00000000   Number         0  aeabi_memset.o ABSOLUTE
    ../clib/memcpset.c                       0x00000000   Number         0  rt_memclr.o ABSOLUTE
    ../clib/signal.c                         0x00000000   Number         0  defsig_fpe_outer.o ABSOLUTE
    ../clib/signal.c                         0x00000000   Number         0  defsig_fpe_formal.o ABSOLUTE
    ../clib/signal.c                         0x00000000   Number         0  defsig_exit.o ABSOLUTE
    ../clib/signal.c                         0x00000000   Number         0  defsig_fpe_inner.o ABSOLUTE
    ../clib/signal.c                         0x00000000   Number         0  __raise.o ABSOLUTE
    ../clib/signal.c                         0x00000000   Number         0  defsig_general.o ABSOLUTE
    ../clib/signal.c                         0x00000000   Number         0  defsig_abrt_inner.o ABSOLUTE
    ../clib/signal.c                         0x00000000   Number         0  defsig_rtred_inner.o ABSOLUTE
    ../clib/signal.c                         0x00000000   Number         0  defsig_rtmem_inner.o ABSOLUTE
    ../clib/signal.c                         0x00000000   Number         0  defsig_rtmem_outer.o ABSOLUTE
    ../clib/signal.c                         0x00000000   Number         0  defsig_rtmem_formal.o ABSOLUTE
    ../clib/signal.c                         0x00000000   Number         0  defsig_stak_inner.o ABSOLUTE
    ../clib/signal.c                         0x00000000   Number         0  defsig_pvfn_inner.o ABSOLUTE
    ../clib/signal.c                         0x00000000   Number         0  defsig_cppl_inner.o ABSOLUTE
    ../clib/signal.c                         0x00000000   Number         0  defsig_segv_inner.o ABSOLUTE
    ../clib/signal.c                         0x00000000   Number         0  defsig_other.o ABSOLUTE
    ../clib/signal.s                         0x00000000   Number         0  defsig.o ABSOLUTE
    ../clib/stdlib.c                         0x00000000   Number         0  exit.o ABSOLUTE
    ../fplib/cfplib/fpinit.c                 0x00000000   Number         0  fpinit.o ABSOLUTE
    ..\..\Library\Device\Nuvoton\NUC1261\Source\ARM\startup_NUC1261.s 0x00000000   Number         0  startup_nuc1261.o ABSOLUTE
    crc.c                                    0x00000000   Number         0  crc.o ABSOLUTE
    crc_util.c                               0x00000000   Number         0  crc_util.o ABSOLUTE
    fmc.c                                    0x00000000   Number         0  fmc.o ABSOLUTE
    fmc_user.c                               0x00000000   Number         0  fmc_user.o ABSOLUTE
    fw_metadata.c                            0x00000000   Number         0  fw_metadata.o ABSOLUTE
    fw_ota_mark_setup.c                      0x00000000   Number         0  fw_ota_mark_setup.o ABSOLUTE
    fw_selfcheck.c                           0x00000000   Number         0  fw_selfcheck.o ABSOLUTE
    fw_status.c                              0x00000000   Number         0  fw_status.o ABSOLUTE
    main.c                                   0x00000000   Number         0  main.o ABSOLUTE
    system_NUC1261.c                         0x00000000   Number         0  system_nuc1261.o ABSOLUTE
    uart_comm.c                              0x00000000   Number         0  uart_comm.o ABSOLUTE
    uart_user.c                              0x00000000   Number         0  uart_user.o ABSOLUTE
    wdt.c                                    0x00000000   Number         0  wdt.o ABSOLUTE
    wdt_user.c                               0x00000000   Number         0  wdt_user.o ABSOLUTE
    RESET                                    0x00000000   Section      192  startup_nuc1261.o(RESET)
    !!!main                                  0x000000c0   Section        8  __main.o(!!!main)
    !!!scatter                               0x000000c8   Section       84  __scatter.o(!!!scatter)
    !!handler_copy                           0x0000011c   Section       26  __scatter_copy.o(!!handler_copy)
    !!handler_null                           0x00000138   Section        2  __scatter.o(!!handler_null)
    !!handler_zi                             0x0000013c   Section       28  __scatter_zi.o(!!handler_zi)
    .ARM.Collect$$libinit$$00000000          0x00000158   Section        2  libinit.o(.ARM.Collect$$libinit$$00000000)
    .ARM.Collect$$libinit$$00000002          0x0000015a   Section        0  libinit2.o(.ARM.Collect$$libinit$$00000002)
    .ARM.Collect$$libinit$$00000004          0x0000015a   Section        0  libinit2.o(.ARM.Collect$$libinit$$00000004)
    .ARM.Collect$$libinit$$00000006          0x0000015a   Section        0  libinit2.o(.ARM.Collect$$libinit$$00000006)
    .ARM.Collect$$libinit$$0000000C          0x0000015a   Section        0  libinit2.o(.ARM.Collect$$libinit$$0000000C)
    .ARM.Collect$$libinit$$0000000E          0x0000015a   Section        0  libinit2.o(.ARM.Collect$$libinit$$0000000E)
    .ARM.Collect$$libinit$$00000010          0x0000015a   Section        0  libinit2.o(.ARM.Collect$$libinit$$00000010)
    .ARM.Collect$$libinit$$00000013          0x0000015a   Section        0  libinit2.o(.ARM.Collect$$libinit$$00000013)
    .ARM.Collect$$libinit$$00000015          0x0000015a   Section        0  libinit2.o(.ARM.Collect$$libinit$$00000015)
    .ARM.Collect$$libinit$$00000017          0x0000015a   Section        0  libinit2.o(.ARM.Collect$$libinit$$00000017)
    .ARM.Collect$$libinit$$00000019          0x0000015a   Section        0  libinit2.o(.ARM.Collect$$libinit$$00000019)
    .ARM.Collect$$libinit$$0000001B          0x0000015a   Section        0  libinit2.o(.ARM.Collect$$libinit$$0000001B)
    .ARM.Collect$$libinit$$0000001D          0x0000015a   Section        0  libinit2.o(.ARM.Collect$$libinit$$0000001D)
    .ARM.Collect$$libinit$$0000001F          0x0000015a   Section        0  libinit2.o(.ARM.Collect$$libinit$$0000001F)
    .ARM.Collect$$libinit$$00000021          0x0000015a   Section        0  libinit2.o(.ARM.Collect$$libinit$$00000021)
    .ARM.Collect$$libinit$$00000023          0x0000015a   Section        0  libinit2.o(.ARM.Collect$$libinit$$00000023)
    .ARM.Collect$$libinit$$00000025          0x0000015a   Section        0  libinit2.o(.ARM.Collect$$libinit$$00000025)
    .ARM.Collect$$libinit$$00000027          0x0000015a   Section        0  libinit2.o(.ARM.Collect$$libinit$$00000027)
    .ARM.Collect$$libinit$$0000002E          0x0000015a   Section        0  libinit2.o(.ARM.Collect$$libinit$$0000002E)
    .ARM.Collect$$libinit$$00000030          0x0000015a   Section        0  libinit2.o(.ARM.Collect$$libinit$$00000030)
    .ARM.Collect$$libinit$$00000032          0x0000015a   Section        0  libinit2.o(.ARM.Collect$$libinit$$00000032)
    .ARM.Collect$$libinit$$00000034          0x0000015a   Section        0  libinit2.o(.ARM.Collect$$libinit$$00000034)
    .ARM.Collect$$libinit$$00000035          0x0000015a   Section        2  libinit2.o(.ARM.Collect$$libinit$$00000035)
    .ARM.Collect$$libshutdown$$00000000      0x0000015c   Section        2  libshutdown.o(.ARM.Collect$$libshutdown$$00000000)
    .ARM.Collect$$libshutdown$$00000002      0x0000015e   Section        0  libshutdown2.o(.ARM.Collect$$libshutdown$$00000002)
    .ARM.Collect$$libshutdown$$00000004      0x0000015e   Section        0  libshutdown2.o(.ARM.Collect$$libshutdown$$00000004)
    .ARM.Collect$$libshutdown$$00000007      0x0000015e   Section        0  libshutdown2.o(.ARM.Collect$$libshutdown$$00000007)
    .ARM.Collect$$libshutdown$$0000000A      0x0000015e   Section        0  libshutdown2.o(.ARM.Collect$$libshutdown$$0000000A)
    .ARM.Collect$$libshutdown$$0000000C      0x0000015e   Section        0  libshutdown2.o(.ARM.Collect$$libshutdown$$0000000C)
    .ARM.Collect$$libshutdown$$0000000F      0x0000015e   Section        0  libshutdown2.o(.ARM.Collect$$libshutdown$$0000000F)
    .ARM.Collect$$libshutdown$$00000010      0x0000015e   Section        2  libshutdown2.o(.ARM.Collect$$libshutdown$$00000010)
    .ARM.Collect$$rtentry$$00000000          0x00000160   Section        0  __rtentry.o(.ARM.Collect$$rtentry$$00000000)
    .ARM.Collect$$rtentry$$00000002          0x00000160   Section        0  __rtentry2.o(.ARM.Collect$$rtentry$$00000002)
    .ARM.Collect$$rtentry$$00000004          0x00000160   Section        6  __rtentry4.o(.ARM.Collect$$rtentry$$00000004)
    .ARM.Collect$$rtentry$$00000009          0x00000166   Section        0  __rtentry2.o(.ARM.Collect$$rtentry$$00000009)
    .ARM.Collect$$rtentry$$0000000A          0x00000166   Section        4  __rtentry2.o(.ARM.Collect$$rtentry$$0000000A)
    .ARM.Collect$$rtentry$$0000000C          0x0000016a   Section        0  __rtentry2.o(.ARM.Collect$$rtentry$$0000000C)
    .ARM.Collect$$rtentry$$0000000D          0x0000016a   Section        8  __rtentry2.o(.ARM.Collect$$rtentry$$0000000D)
    .ARM.Collect$$rtexit$$00000000           0x00000172   Section        2  rtexit.o(.ARM.Collect$$rtexit$$00000000)
    .ARM.Collect$$rtexit$$00000002           0x00000174   Section        0  rtexit2.o(.ARM.Collect$$rtexit$$00000002)
    .ARM.Collect$$rtexit$$00000003           0x00000174   Section        4  rtexit2.o(.ARM.Collect$$rtexit$$00000003)
    .ARM.Collect$$rtexit$$00000004           0x00000178   Section        6  rtexit2.o(.ARM.Collect$$rtexit$$00000004)
    .emb_text                                0x00000180   Section       56  rt_memcpy.o(.emb_text)
    .text                                    0x000001b8   Section       84  startup_nuc1261.o(.text)
    Default_Handler                          0x000001d5   Thumb Code     2  startup_nuc1261.o(.text)
    [Anonymous Symbol]                       0x0000020c   Section        0  main.o(.text)
    __arm_cp.2_0                             0x000002c0   Number         4  main.o(.text)
    __arm_cp.2_1                             0x000002c4   Number         4  main.o(.text)
    __arm_cp.2_2                             0x000002c8   Number         4  main.o(.text)
    __arm_cp.2_3                             0x000002cc   Number         4  main.o(.text)
    __arm_cp.2_4                             0x000002d0   Number         4  main.o(.text)
    __arm_cp.2_5                             0x000002d4   Number         4  main.o(.text)
    __arm_cp.2_6                             0x000002d8   Number         4  main.o(.text)
    __arm_cp.2_7                             0x000002dc   Number         4  main.o(.text)
    __arm_cp.2_8                             0x000002e0   Number         4  main.o(.text)
    __arm_cp.2_9                             0x000002e4   Number         4  main.o(.text)
    __arm_cp.2_10                            0x000002e8   Number         4  main.o(.text)
    __arm_cp.2_11                            0x000002ec   Number         4  main.o(.text)
    __arm_cp.2_12                            0x000002f0   Number         4  main.o(.text)
    __arm_cp.2_13                            0x000002f4   Number         4  main.o(.text)
    __arm_cp.3_0                             0x00000380   Number         4  main.o(.text)
    __arm_cp.3_1                             0x00000384   Number         4  main.o(.text)
    __arm_cp.3_2                             0x00000388   Number         4  main.o(.text)
    __arm_cp.3_3                             0x0000038c   Number         4  main.o(.text)
    __arm_cp.3_4                             0x00000390   Number         4  main.o(.text)
    SYS_UnlockReg                            0x00000395   Thumb Code    52  main.o(.text)
    __arm_cp.4_0                             0x000003c8   Number         4  main.o(.text)
    __arm_cp.4_1                             0x000003cc   Number         4  main.o(.text)
    FeedWDT                                  0x000003d1   Thumb Code    12  main.o(.text)
    __arm_cp.5_0                             0x000003dc   Number         4  main.o(.text)
    __arm_cp.5_1                             0x000003e0   Number         4  main.o(.text)
    __arm_cp.6_0                             0x00000420   Number         4  main.o(.text)
    CLK_SysTickDelay                         0x00000425   Thumb Code    56  main.o(.text)
    __arm_cp.7_0                             0x0000045c   Number         4  main.o(.text)
    __arm_cp.7_1                             0x00000460   Number         4  main.o(.text)
    __arm_cp.7_2                             0x00000464   Number         4  main.o(.text)
    __arm_cp.7_3                             0x00000468   Number         4  main.o(.text)
    [Anonymous Symbol]                       0x0000046c   Section        0  crc_util.o(.text)
    __arm_cp.0_0                             0x000004fc   Number         4  crc_util.o(.text)
    [Anonymous Symbol]                       0x00000500   Section        0  fmc_user.o(.text)
    __arm_cp.0_0                             0x000005d4   Number         4  fmc_user.o(.text)
    __arm_cp.0_1                             0x000005d8   Number         4  fmc_user.o(.text)
    __arm_cp.0_2                             0x000005dc   Number         4  fmc_user.o(.text)
    __arm_cp.0_3                             0x000005e0   Number         4  fmc_user.o(.text)
    __arm_cp.0_4                             0x000005e4   Number         4  fmc_user.o(.text)
    __arm_cp.0_5                             0x000005e8   Number         4  fmc_user.o(.text)
    __arm_cp.1_1                             0x00000648   Number         4  fmc_user.o(.text)
    [Anonymous Symbol]                       0x0000064c   Section        0  fw_metadata.o(.text)
    __arm_cp.0_0                             0x000006d8   Number         4  fw_metadata.o(.text)
    [Anonymous Symbol]                       0x000007d4   Section        0  fw_ota_mark_setup.o(.text)
    __arm_cp.0_0                             0x00000928   Number         4  fw_ota_mark_setup.o(.text)
    __arm_cp.1_0                             0x00000994   Number         4  fw_ota_mark_setup.o(.text)
    [Anonymous Symbol]                       0x00000998   Section        0  fw_selfcheck.o(.text)
    __arm_cp.0_0                             0x00000a48   Number         4  fw_selfcheck.o(.text)
    __arm_cp.0_1                             0x00000a4c   Number         4  fw_selfcheck.o(.text)
    __arm_cp.0_2                             0x00000a50   Number         4  fw_selfcheck.o(.text)
    CLK_SysTickDelay                         0x00000aa5   Thumb Code    56  fw_selfcheck.o(.text)
    __arm_cp.2_0                             0x00000adc   Number         4  fw_selfcheck.o(.text)
    __arm_cp.2_1                             0x00000ae0   Number         4  fw_selfcheck.o(.text)
    __arm_cp.2_2                             0x00000ae4   Number         4  fw_selfcheck.o(.text)
    __arm_cp.2_3                             0x00000ae8   Number         4  fw_selfcheck.o(.text)
    __arm_cp.3_0                             0x00000b38   Number         4  fw_selfcheck.o(.text)
    __arm_cp.3_1                             0x00000b3c   Number         4  fw_selfcheck.o(.text)
    __arm_cp.3_2                             0x00000b40   Number         4  fw_selfcheck.o(.text)
    __arm_cp.4_0                             0x00000bf4   Number         4  fw_selfcheck.o(.text)
    __arm_cp.4_1                             0x00000bf8   Number         4  fw_selfcheck.o(.text)
    __arm_cp.5_0                             0x00000c44   Number         4  fw_selfcheck.o(.text)
    __arm_cp.5_1                             0x00000c48   Number         4  fw_selfcheck.o(.text)
    __arm_cp.5_2                             0x00000c4c   Number         4  fw_selfcheck.o(.text)
    SYS_UnlockReg                            0x00000c51   Thumb Code    52  fw_selfcheck.o(.text)
    __arm_cp.6_0                             0x00000c84   Number         4  fw_selfcheck.o(.text)
    __arm_cp.6_1                             0x00000c88   Number         4  fw_selfcheck.o(.text)
    FMC_SetVectorPageAddr                    0x00000c8d   Thumb Code    88  fw_selfcheck.o(.text)
    __arm_cp.7_0                             0x00000ce4   Number         4  fw_selfcheck.o(.text)
    __arm_cp.7_1                             0x00000ce8   Number         4  fw_selfcheck.o(.text)
    __arm_cp.7_2                             0x00000cec   Number         4  fw_selfcheck.o(.text)
    __arm_cp.7_3                             0x00000cf0   Number         4  fw_selfcheck.o(.text)
    __arm_cp.7_4                             0x00000cf4   Number         4  fw_selfcheck.o(.text)
    __NVIC_SystemReset                       0x00000cf9   Thumb Code    20  fw_selfcheck.o(.text)
    __arm_cp.8_0                             0x00000d0c   Number         4  fw_selfcheck.o(.text)
    __arm_cp.8_1                             0x00000d10   Number         4  fw_selfcheck.o(.text)
    [Anonymous Symbol]                       0x00000d14   Section        0  fw_status.o(.text)
    __arm_cp.0_0                             0x00000d88   Number         4  fw_status.o(.text)
    __arm_cp.0_1                             0x00000d8c   Number         4  fw_status.o(.text)
    __arm_cp.1_0                             0x00000dbc   Number         4  fw_status.o(.text)
    [Anonymous Symbol]                       0x00000dc0   Section        0  uart_comm.o(.text)
    __arm_cp.0_2                             0x00000e7c   Number         4  uart_comm.o(.text)
    [Anonymous Symbol]                       0x00000e80   Section        0  uart_user.o(.text)
    __arm_cp.0_0                             0x00000f10   Number         4  uart_user.o(.text)
    __arm_cp.0_1                             0x00000f14   Number         4  uart_user.o(.text)
    __arm_cp.0_2                             0x00000f18   Number         4  uart_user.o(.text)
    __arm_cp.0_3                             0x00000f1c   Number         4  uart_user.o(.text)
    __arm_cp.0_4                             0x00000f20   Number         4  uart_user.o(.text)
    __arm_cp.0_5                             0x00000f24   Number         4  uart_user.o(.text)
    __arm_cp.1_0                             0x00000f60   Number         4  uart_user.o(.text)
    __arm_cp.1_1                             0x00000f64   Number         4  uart_user.o(.text)
    __arm_cp.1_2                             0x00000f68   Number         4  uart_user.o(.text)
    __arm_cp.2_0                             0x00000fb0   Number         4  uart_user.o(.text)
    __arm_cp.2_1                             0x00000fb4   Number         4  uart_user.o(.text)
    __arm_cp.2_2                             0x00000fb8   Number         4  uart_user.o(.text)
    __arm_cp.2_3                             0x00000fbc   Number         4  uart_user.o(.text)
    __arm_cp.2_4                             0x00000fc0   Number         4  uart_user.o(.text)
    __arm_cp.2_5                             0x00000fc4   Number         4  uart_user.o(.text)
    __arm_cp.2_6                             0x00000fc8   Number         4  uart_user.o(.text)
    __arm_cp.2_7                             0x00000fcc   Number         4  uart_user.o(.text)
    __NVIC_SetPriority                       0x00000fd1   Thumb Code   124  uart_user.o(.text)
    __arm_cp.3_0                             0x0000104c   Number         4  uart_user.o(.text)
    __arm_cp.3_1                             0x00001050   Number         4  uart_user.o(.text)
    __NVIC_EnableIRQ                         0x00001055   Thumb Code    40  uart_user.o(.text)
    __arm_cp.4_0                             0x0000107c   Number         4  uart_user.o(.text)
    [Anonymous Symbol]                       0x00001080   Section        0  wdt_user.o(.text)
    __arm_cp.0_0                             0x000010c0   Number         4  wdt_user.o(.text)
    __arm_cp.0_1                             0x000010c4   Number         4  wdt_user.o(.text)
    __arm_cp.0_2                             0x000010c8   Number         4  wdt_user.o(.text)
    __arm_cp.0_3                             0x000010cc   Number         4  wdt_user.o(.text)
    __arm_cp.0_4                             0x000010d0   Number         4  wdt_user.o(.text)
    __arm_cp.0_5                             0x000010d4   Number         4  wdt_user.o(.text)
    __arm_cp.0_6                             0x000010d8   Number         4  wdt_user.o(.text)
    __arm_cp.0_7                             0x000010dc   Number         4  wdt_user.o(.text)
    SYS_UnlockReg                            0x000010f9   Thumb Code    52  wdt_user.o(.text)
    __arm_cp.2_0                             0x0000112c   Number         4  wdt_user.o(.text)
    __arm_cp.2_1                             0x00001130   Number         4  wdt_user.o(.text)
    [Anonymous Symbol]                       0x00001134   Section        0  crc.o(.text)
    __arm_cp.0_0                             0x00001164   Number         4  crc.o(.text)
    __arm_cp.0_1                             0x00001168   Number         4  crc.o(.text)
    __arm_cp.1_0                             0x000011cc   Number         4  crc.o(.text)
    __arm_cp.1_1                             0x000011d0   Number         4  crc.o(.text)
    [Anonymous Symbol]                       0x000011d4   Section        0  fmc.o(.text)
    __arm_cp.0_0                             0x000011fc   Number         4  fmc.o(.text)
    __arm_cp.1_0                             0x0000120c   Number         4  fmc.o(.text)
    __arm_cp.2_0                             0x0000121c   Number         4  fmc.o(.text)
    __arm_cp.3_0                             0x0000122c   Number         4  fmc.o(.text)
    __arm_cp.4_0                             0x0000123c   Number         4  fmc.o(.text)
    __arm_cp.5_0                             0x0000124c   Number         4  fmc.o(.text)
    __arm_cp.6_0                             0x0000125c   Number         4  fmc.o(.text)
    __arm_cp.7_0                             0x0000126c   Number         4  fmc.o(.text)
    __arm_cp.8_0                             0x0000127c   Number         4  fmc.o(.text)
    __arm_cp.9_0                             0x0000128c   Number         4  fmc.o(.text)
    __arm_cp.10_0                            0x000012b0   Number         4  fmc.o(.text)
    __arm_cp.11_0                            0x000012c0   Number         4  fmc.o(.text)
    __arm_cp.12_0                            0x000012cc   Number         4  fmc.o(.text)
    __arm_cp.13_0                            0x00001328   Number         4  fmc.o(.text)
    FMC_Read                                 0x0000132d   Thumb Code    92  fmc.o(.text)
    __arm_cp.14_0                            0x00001388   Number         4  fmc.o(.text)
    __arm_cp.14_1                            0x0000138c   Number         4  fmc.o(.text)
    __arm_cp.14_2                            0x00001390   Number         4  fmc.o(.text)
    __arm_cp.14_3                            0x00001394   Number         4  fmc.o(.text)
    __arm_cp.14_4                            0x00001398   Number         4  fmc.o(.text)
    __arm_cp.14_5                            0x0000139c   Number         4  fmc.o(.text)
    __arm_cp.15_0                            0x00001428   Number         4  fmc.o(.text)
    FMC_Write                                0x0000142d   Thumb Code    96  fmc.o(.text)
    __arm_cp.16_0                            0x0000148c   Number         4  fmc.o(.text)
    __arm_cp.16_1                            0x00001490   Number         4  fmc.o(.text)
    __arm_cp.16_2                            0x00001494   Number         4  fmc.o(.text)
    __arm_cp.16_3                            0x00001498   Number         4  fmc.o(.text)
    __arm_cp.16_4                            0x0000149c   Number         4  fmc.o(.text)
    __arm_cp.16_5                            0x000014a0   Number         4  fmc.o(.text)
    __arm_cp.17_0                            0x000014c0   Number         4  fmc.o(.text)
    __arm_cp.18_0                            0x000014d0   Number         4  fmc.o(.text)
    [Anonymous Symbol]                       0x000014d4   Section        0  wdt.o(.text)
    __arm_cp.0_0                             0x00001500   Number         4  wdt.o(.text)
    __arm_cp.0_1                             0x00001504   Number         4  wdt.o(.text)
    .text                                    0x00001508   Section        0  rt_memcpy.o(.text)
    .text                                    0x0000158a   Section        0  aeabi_memset.o(.text)
    .text                                    0x0000159c   Section        0  heapauxi.o(.text)
    .text                                    0x000015a2   Section        0  rt_memclr.o(.text)
    .text                                    0x000015e2   Section       62  sys_stackheap_outer.o(.text)
    .text                                    0x00001620   Section        0  exit.o(.text)
    .text                                    0x00001630   Section        8  libspace.o(.text)
    .text                                    0x00001638   Section        0  sys_exit.o(.text)
    .text                                    0x00001644   Section        2  use_no_semi.o(.text)
    .text                                    0x00001646   Section        0  indicate_semi.o(.text)
    .bss                                     0x20000010   Section       96  libspace.o(.bss)
    BlinkLED.tick                            0x20000070   Data           4  main.o(.bss.BlinkLED.tick)
    [Anonymous Symbol]                       0x20000070   Section        0  main.o(.bss.BlinkLED.tick)
    Mcu_respond.packet_seq                   0x20000074   Data           1  uart_comm.o(.bss.Mcu_respond.packet_seq)
    [Anonymous Symbol]                       0x20000074   Section        0  uart_comm.o(.bss.Mcu_respond.packet_seq)
    g_fw_ctx                                 0x2000007c   Data          12  fw_selfcheck.o(.bss.g_fw_ctx)
    [Anonymous Symbol]                       0x2000007c   Section        0  fw_selfcheck.o(.bss.g_fw_ctx)
    Heap_Mem                                 0x20000158   Data           0  startup_nuc1261.o(HEAP)
    Stack_Mem                                0x20000158   Data        1024  startup_nuc1261.o(STACK)
    HEAP                                     0x20000158   Section        0  startup_nuc1261.o(HEAP)
    STACK                                    0x20000158   Section     1024  startup_nuc1261.o(STACK)
    __initial_sp                             0x20000558   Data           0  startup_nuc1261.o(STACK)

    Global Symbols

    Symbol Name                              Value     Ov Type        Size  Object(Section)

    BuildAttributes$$THM_ISAv3M$S$PE$A:L22$X:L11$S22$IEEE1$IW$~IW$USESV6$~STKCKD$USESV7$~SHL$OSPACE$ROPI$EBA8$UX$STANDARDLIB$REQ8$PRES8$EABIv2 0x00000000   Number         0  anon$$obj.o ABSOLUTE
    __Vectors                                0x00000000   Data           4  startup_nuc1261.o(RESET)
    __ARM_exceptions_init                     - Undefined Weak Reference
    __alloca_initialize                       - Undefined Weak Reference
    __arm_preinit_                            - Undefined Weak Reference
    __arm_relocate_pie_                       - Undefined Weak Reference
    __cpp_initialize__aeabi_                  - Undefined Weak Reference
    __cxa_finalize                            - Undefined Weak Reference
    __rt_locale                               - Undefined Weak Reference
    __sigvec_lookup                           - Undefined Weak Reference
    _atexit_init                              - Undefined Weak Reference
    _call_atexit_fns                          - Undefined Weak Reference
    _clock_init                               - Undefined Weak Reference
    _fp_trap_init                             - Undefined Weak Reference
    _fp_trap_shutdown                         - Undefined Weak Reference
    _get_lc_collate                           - Undefined Weak Reference
    _get_lc_ctype                             - Undefined Weak Reference
    _get_lc_monetary                          - Undefined Weak Reference
    _get_lc_numeric                           - Undefined Weak Reference
    _get_lc_time                              - Undefined Weak Reference
    _getenv_init                              - Undefined Weak Reference
    _handle_redirection                       - Undefined Weak Reference
    _init_alloc                               - Undefined Weak Reference
    _init_user_alloc                          - Undefined Weak Reference
    _initio                                   - Undefined Weak Reference
    _rand_init                                - Undefined Weak Reference
    _signal_finish                            - Undefined Weak Reference
    _signal_init                              - Undefined Weak Reference
    _terminate_alloc                          - Undefined Weak Reference
    _terminate_user_alloc                     - Undefined Weak Reference
    _terminateio                              - Undefined Weak Reference
    __main                                   0x000000c1   Thumb Code     8  __main.o(!!!main)
    __scatterload                            0x000000c9   Thumb Code     0  __scatter.o(!!!scatter)
    __scatterload_rt2                        0x000000c9   Thumb Code    74  __scatter.o(!!!scatter)
    __scatterload_rt2_thumb_only             0x000000c9   Thumb Code     0  __scatter.o(!!!scatter)
    __scatterload_loop                       0x000000d3   Thumb Code     0  __scatter.o(!!!scatter)
    __scatterload_copy                       0x0000011d   Thumb Code    26  __scatter_copy.o(!!handler_copy)
    __scatterload_null                       0x00000139   Thumb Code     2  __scatter.o(!!handler_null)
    __scatterload_zeroinit                   0x0000013d   Thumb Code    28  __scatter_zi.o(!!handler_zi)
    __rt_lib_init                            0x00000159   Thumb Code     0  libinit.o(.ARM.Collect$$libinit$$00000000)
    __rt_lib_init_alloca_1                   0x0000015b   Thumb Code     0  libinit2.o(.ARM.Collect$$libinit$$00000030)
    __rt_lib_init_argv_1                     0x0000015b   Thumb Code     0  libinit2.o(.ARM.Collect$$libinit$$0000002E)
    __rt_lib_init_atexit_1                   0x0000015b   Thumb Code     0  libinit2.o(.ARM.Collect$$libinit$$0000001D)
    __rt_lib_init_clock_1                    0x0000015b   Thumb Code     0  libinit2.o(.ARM.Collect$$libinit$$00000023)
    __rt_lib_init_cpp_1                      0x0000015b   Thumb Code     0  libinit2.o(.ARM.Collect$$libinit$$00000034)
    __rt_lib_init_exceptions_1               0x0000015b   Thumb Code     0  libinit2.o(.ARM.Collect$$libinit$$00000032)
    __rt_lib_init_fp_1                       0x0000015b   Thumb Code     0  libinit2.o(.ARM.Collect$$libinit$$00000002)
    __rt_lib_init_fp_trap_1                  0x0000015b   Thumb Code     0  libinit2.o(.ARM.Collect$$libinit$$00000021)
    __rt_lib_init_getenv_1                   0x0000015b   Thumb Code     0  libinit2.o(.ARM.Collect$$libinit$$00000025)
    __rt_lib_init_heap_1                     0x0000015b   Thumb Code     0  libinit2.o(.ARM.Collect$$libinit$$0000000C)
    __rt_lib_init_lc_collate_1               0x0000015b   Thumb Code     0  libinit2.o(.ARM.Collect$$libinit$$00000013)
    __rt_lib_init_lc_ctype_1                 0x0000015b   Thumb Code     0  libinit2.o(.ARM.Collect$$libinit$$00000015)
    __rt_lib_init_lc_monetary_1              0x0000015b   Thumb Code     0  libinit2.o(.ARM.Collect$$libinit$$00000017)
    __rt_lib_init_lc_numeric_1               0x0000015b   Thumb Code     0  libinit2.o(.ARM.Collect$$libinit$$00000019)
    __rt_lib_init_lc_time_1                  0x0000015b   Thumb Code     0  libinit2.o(.ARM.Collect$$libinit$$0000001B)
    __rt_lib_init_preinit_1                  0x0000015b   Thumb Code     0  libinit2.o(.ARM.Collect$$libinit$$00000006)
    __rt_lib_init_rand_1                     0x0000015b   Thumb Code     0  libinit2.o(.ARM.Collect$$libinit$$00000010)
    __rt_lib_init_relocate_pie_1             0x0000015b   Thumb Code     0  libinit2.o(.ARM.Collect$$libinit$$00000004)
    __rt_lib_init_return                     0x0000015b   Thumb Code     0  libinit2.o(.ARM.Collect$$libinit$$00000035)
    __rt_lib_init_signal_1                   0x0000015b   Thumb Code     0  libinit2.o(.ARM.Collect$$libinit$$0000001F)
    __rt_lib_init_stdio_1                    0x0000015b   Thumb Code     0  libinit2.o(.ARM.Collect$$libinit$$00000027)
    __rt_lib_init_user_alloc_1               0x0000015b   Thumb Code     0  libinit2.o(.ARM.Collect$$libinit$$0000000E)
    __rt_lib_shutdown                        0x0000015d   Thumb Code     0  libshutdown.o(.ARM.Collect$$libshutdown$$00000000)
    __rt_lib_shutdown_cpp_1                  0x0000015f   Thumb Code     0  libshutdown2.o(.ARM.Collect$$libshutdown$$00000002)
    __rt_lib_shutdown_fp_trap_1              0x0000015f   Thumb Code     0  libshutdown2.o(.ARM.Collect$$libshutdown$$00000007)
    __rt_lib_shutdown_heap_1                 0x0000015f   Thumb Code     0  libshutdown2.o(.ARM.Collect$$libshutdown$$0000000F)
    __rt_lib_shutdown_return                 0x0000015f   Thumb Code     0  libshutdown2.o(.ARM.Collect$$libshutdown$$00000010)
    __rt_lib_shutdown_signal_1               0x0000015f   Thumb Code     0  libshutdown2.o(.ARM.Collect$$libshutdown$$0000000A)
    __rt_lib_shutdown_stdio_1                0x0000015f   Thumb Code     0  libshutdown2.o(.ARM.Collect$$libshutdown$$00000004)
    __rt_lib_shutdown_user_alloc_1           0x0000015f   Thumb Code     0  libshutdown2.o(.ARM.Collect$$libshutdown$$0000000C)
    __rt_entry                               0x00000161   Thumb Code     0  __rtentry.o(.ARM.Collect$$rtentry$$00000000)
    __rt_entry_presh_1                       0x00000161   Thumb Code     0  __rtentry2.o(.ARM.Collect$$rtentry$$00000002)
    __rt_entry_sh                            0x00000161   Thumb Code     0  __rtentry4.o(.ARM.Collect$$rtentry$$00000004)
    __rt_entry_li                            0x00000167   Thumb Code     0  __rtentry2.o(.ARM.Collect$$rtentry$$0000000A)
    __rt_entry_postsh_1                      0x00000167   Thumb Code     0  __rtentry2.o(.ARM.Collect$$rtentry$$00000009)
    __rt_entry_main                          0x0000016b   Thumb Code     0  __rtentry2.o(.ARM.Collect$$rtentry$$0000000D)
    __rt_entry_postli_1                      0x0000016b   Thumb Code     0  __rtentry2.o(.ARM.Collect$$rtentry$$0000000C)
    __rt_exit                                0x00000173   Thumb Code     0  rtexit.o(.ARM.Collect$$rtexit$$00000000)
    __rt_exit_ls                             0x00000175   Thumb Code     0  rtexit2.o(.ARM.Collect$$rtexit$$00000003)
    __rt_exit_prels_1                        0x00000175   Thumb Code     0  rtexit2.o(.ARM.Collect$$rtexit$$00000002)
    __rt_exit_exit                           0x00000179   Thumb Code     0  rtexit2.o(.ARM.Collect$$rtexit$$00000004)
    __aeabi_memcpy4                          0x00000181   Thumb Code    56  rt_memcpy.o(.emb_text)
    __aeabi_memcpy8                          0x00000181   Thumb Code     0  rt_memcpy.o(.emb_text)
    Reset_Handler                            0x000001b9   Thumb Code     4  startup_nuc1261.o(.text)
    NMI_Handler                              0x000001bd   Thumb Code     2  startup_nuc1261.o(.text)
    HardFault_Handler                        0x000001bf   Thumb Code    16  startup_nuc1261.o(.text)
    SVC_Handler                              0x000001cf   Thumb Code     2  startup_nuc1261.o(.text)
    PendSV_Handler                           0x000001d1   Thumb Code     2  startup_nuc1261.o(.text)
    SysTick_Handler                          0x000001d3   Thumb Code     2  startup_nuc1261.o(.text)
    ACMP01_IRQHandler                        0x000001d5   Thumb Code     0  startup_nuc1261.o(.text)
    ADC_IRQHandler                           0x000001d5   Thumb Code     0  startup_nuc1261.o(.text)
    BOD_IRQHandler                           0x000001d5   Thumb Code     0  startup_nuc1261.o(.text)
    CLKDIRC_IRQHandler                       0x000001d5   Thumb Code     0  startup_nuc1261.o(.text)
    EINT024_IRQHandler                       0x000001d5   Thumb Code     0  startup_nuc1261.o(.text)
    EINT135_IRQHandler                       0x000001d5   Thumb Code     0  startup_nuc1261.o(.text)
    GPAB_IRQHandler                          0x000001d5   Thumb Code     0  startup_nuc1261.o(.text)
    GPCDEF_IRQHandler                        0x000001d5   Thumb Code     0  startup_nuc1261.o(.text)
    I2C0_IRQHandler                          0x000001d5   Thumb Code     0  startup_nuc1261.o(.text)
    I2C1_IRQHandler                          0x000001d5   Thumb Code     0  startup_nuc1261.o(.text)
    PDMA_IRQHandler                          0x000001d5   Thumb Code     0  startup_nuc1261.o(.text)
    PWM0_IRQHandler                          0x000001d5   Thumb Code     0  startup_nuc1261.o(.text)
    PWM1_IRQHandler                          0x000001d5   Thumb Code     0  startup_nuc1261.o(.text)
    PWRWU_IRQHandler                         0x000001d5   Thumb Code     0  startup_nuc1261.o(.text)
    RTC_IRQHandler                           0x000001d5   Thumb Code     0  startup_nuc1261.o(.text)
    SC01_IRQHandler                          0x000001d5   Thumb Code     0  startup_nuc1261.o(.text)
    SPI0_IRQHandler                          0x000001d5   Thumb Code     0  startup_nuc1261.o(.text)
    SPI1_IRQHandler                          0x000001d5   Thumb Code     0  startup_nuc1261.o(.text)
    TMR0_IRQHandler                          0x000001d5   Thumb Code     0  startup_nuc1261.o(.text)
    TMR1_IRQHandler                          0x000001d5   Thumb Code     0  startup_nuc1261.o(.text)
    TMR2_IRQHandler                          0x000001d5   Thumb Code     0  startup_nuc1261.o(.text)
    TMR3_IRQHandler                          0x000001d5   Thumb Code     0  startup_nuc1261.o(.text)
    UART1_IRQHandler                         0x000001d5   Thumb Code     0  startup_nuc1261.o(.text)
    USBD_IRQHandler                          0x000001d5   Thumb Code     0  startup_nuc1261.o(.text)
    USCI_IRQHandler                          0x000001d5   Thumb Code     0  startup_nuc1261.o(.text)
    WDT_IRQHandler                           0x000001d5   Thumb Code     0  startup_nuc1261.o(.text)
    __user_initial_stackheap                 0x000001d9   Thumb Code    10  startup_nuc1261.o(.text)
    SH_DoCommand                             0x000001e5   Thumb Code    10  startup_nuc1261.o(.text)
    __PC                                     0x000001ef   Thumb Code     6  startup_nuc1261.o(.text)
    ProcessHardFault                         0x0000020d   Thumb Code     2  main.o(.text)
    SH_Return                                0x0000020f   Thumb Code     2  main.o(.text)
    SYS_Init                                 0x00000211   Thumb Code   176  main.o(.text)
    main                                     0x000002f9   Thumb Code   136  main.o(.text)
    BlinkLED                                 0x000003e5   Thumb Code    60  main.o(.text)
    CRC32_Calc                               0x0000046d   Thumb Code   144  crc_util.o(.text)
    FMC_Proc                                 0x00000501   Thumb Code   212  fmc_user.o(.text)
    UpdateConfig                             0x000005ed   Thumb Code    92  fmc_user.o(.text)
    WriteMetadata                            0x0000064d   Thumb Code   140  fw_metadata.o(.text)
    VerifyFirmware                           0x000006dd   Thumb Code   198  fw_metadata.o(.text)
    VerifyMetadataCRC                        0x000007a3   Thumb Code    50  fw_metadata.o(.text)
    MarkFirmwareAsActive                     0x000007d5   Thumb Code   340  fw_ota_mark_setup.o(.text)
    ScanMetadataPair                         0x0000092d   Thumb Code   104  fw_ota_mark_setup.o(.text)
    FirmwareSelfCheck                        0x00000999   Thumb Code   176  fw_selfcheck.o(.text)
    BlinkStatusLED                           0x00000a55   Thumb Code    78  fw_selfcheck.o(.text)
    ProcessUartPacket                        0x00000aed   Thumb Code    76  fw_selfcheck.o(.text)
    CMD_SWITCHCASE                           0x00000b45   Thumb Code   176  fw_selfcheck.o(.text)
    JumpToFirmware                           0x00000bfd   Thumb Code    72  fw_selfcheck.o(.text)
    WriteFWstatus                            0x00000d15   Thumb Code   116  fw_status.o(.text)
    WRITE_FW_STATUS_FLAG                     0x00000d91   Thumb Code    44  fw_status.o(.text)
    Mcu_respond                              0x00000dc1   Thumb Code   188  uart_comm.o(.text)
    UART02_IRQHandler                        0x00000e81   Thumb Code   144  uart_user.o(.text)
    PutString                                0x00000f29   Thumb Code    56  uart_user.o(.text)
    UART_Init                                0x00000f6d   Thumb Code    68  uart_user.o(.text)
    InitWDT                                  0x00001081   Thumb Code    64  wdt_user.o(.text)
    ForceResetByWDT                          0x000010e1   Thumb Code    24  wdt_user.o(.text)
    CRC_Open                                 0x00001135   Thumb Code    48  crc.o(.text)
    CRC_GetChecksum                          0x0000116d   Thumb Code    96  crc.o(.text)
    FMC_SetBootSource                        0x000011d5   Thumb Code    40  fmc.o(.text)
    FMC_Close                                0x00001201   Thumb Code    12  fmc.o(.text)
    FMC_DisableAPUpdate                      0x00001211   Thumb Code    12  fmc.o(.text)
    FMC_DisableConfigUpdate                  0x00001221   Thumb Code    12  fmc.o(.text)
    FMC_DisableLDUpdate                      0x00001231   Thumb Code    12  fmc.o(.text)
    FMC_DisableSPUpdate                      0x00001241   Thumb Code    12  fmc.o(.text)
    FMC_EnableAPUpdate                       0x00001251   Thumb Code    12  fmc.o(.text)
    FMC_EnableConfigUpdate                   0x00001261   Thumb Code    12  fmc.o(.text)
    FMC_EnableLDUpdate                       0x00001271   Thumb Code    12  fmc.o(.text)
    FMC_EnableSPUpdate                       0x00001281   Thumb Code    12  fmc.o(.text)
    FMC_GetBootSource                        0x00001291   Thumb Code    32  fmc.o(.text)
    FMC_Open                                 0x000012b5   Thumb Code    12  fmc.o(.text)
    FMC_ReadDataFlashBaseAddr                0x000012c5   Thumb Code     8  fmc.o(.text)
    FMC_ReadConfig                           0x000012d1   Thumb Code    88  fmc.o(.text)
    FMC_WriteConfig                          0x000013a1   Thumb Code   136  fmc.o(.text)
    FMC_EnableFreqOptimizeMode               0x000014a5   Thumb Code    28  fmc.o(.text)
    FMC_DisableFreqOptimizeMode              0x000014c5   Thumb Code    12  fmc.o(.text)
    WDT_Open                                 0x000014d5   Thumb Code    44  wdt.o(.text)
    __aeabi_memcpy                           0x00001509   Thumb Code   130  rt_memcpy.o(.text)
    __rt_memcpy                              0x00001509   Thumb Code     0  rt_memcpy.o(.text)
    __aeabi_memset                           0x0000158b   Thumb Code    18  aeabi_memset.o(.text)
    __use_two_region_memory                  0x0000159d   Thumb Code     2  heapauxi.o(.text)
    __rt_heap_escrow$2region                 0x0000159f   Thumb Code     2  heapauxi.o(.text)
    __rt_heap_expand$2region                 0x000015a1   Thumb Code     2  heapauxi.o(.text)
    _memset_w                                0x000015a3   Thumb Code    26  rt_memclr.o(.text)
    _memset                                  0x000015bd   Thumb Code    30  rt_memclr.o(.text)
    __aeabi_memclr                           0x000015db   Thumb Code     4  rt_memclr.o(.text)
    __rt_memclr                              0x000015db   Thumb Code     0  rt_memclr.o(.text)
    __aeabi_memclr4                          0x000015df   Thumb Code     0  rt_memclr.o(.text)
    __aeabi_memclr8                          0x000015df   Thumb Code     0  rt_memclr.o(.text)
    __rt_memclr_w                            0x000015df   Thumb Code     4  rt_memclr.o(.text)
    __user_setup_stackheap                   0x000015e3   Thumb Code    62  sys_stackheap_outer.o(.text)
    exit                                     0x00001621   Thumb Code    16  exit.o(.text)
    __user_libspace                          0x00001631   Thumb Code     8  libspace.o(.text)
    __user_perproc_libspace                  0x00001631   Thumb Code     0  libspace.o(.text)
    __user_perthread_libspace                0x00001631   Thumb Code     0  libspace.o(.text)
    _sys_exit                                0x00001639   Thumb Code     8  sys_exit.o(.text)
    __I$use$semihosting                      0x00001645   Thumb Code     0  use_no_semi.o(.text)
    __use_no_semihosting_swi                 0x00001645   Thumb Code     2  use_no_semi.o(.text)
    __semihosting_library_function           0x00001647   Thumb Code     0  indicate_semi.o(.text)
    Region$$Table$$Base                      0x00001648   Number         0  anon$$obj.o(Region$$Table)
    Region$$Table$$Limit                     0x00001668   Number         0  anon$$obj.o(Region$$Table)
    CyclesPerUs                              0x20000000   Data           4  system_nuc1261.o(.data.CyclesPerUs)
    PllClock                                 0x20000004   Data           4  system_nuc1261.o(.data.PllClock)
    SystemCoreClock                          0x20000008   Data           4  system_nuc1261.o(.data.SystemCoreClock)
    __libspace_start                         0x20000010   Data          96  libspace.o(.bss)
    __temporary_stack_top$libspace           0x20000070   Data           0  libspace.o(.bss)
    bUartDataReady                           0x20000075   Data           1  uart_user.o(.bss.bUartDataReady)
    bufhead                                  0x20000076   Data           1  uart_user.o(.bss.bufhead)
    g_FMC_i32ErrCode                         0x20000078   Data           4  fmc_user.o(.bss.g_FMC_i32ErrCode)
    g_marked_active                          0x20000088   Data           1  main.o(.bss.g_marked_active)
    response_buff                            0x2000008c   Data         100  uart_user.o(.bss.response_buff)
    uart_rcvbuf                              0x200000f0   Data         100  uart_user.o(.bss.uart_rcvbuf)



==============================================================================

Memory Map of the image

  Image Entry point : 0x000001b9

  Load Region LR_IROM1 (Base: 0x00000000, Size: 0x00001678, Max: 0x00004000, ABSOLUTE)

    Execution Region ER_IROM1 (Exec base: 0x00000000, Load base: 0x00000000, Size: 0x00001668, Max: 0x00004000, ABSOLUTE)

    Exec Addr    Load Addr    Size         Type   Attr      Idx    E Section Name        Object

    0x00000000   0x00000000   0x000000c0   Data   RO           15    RESET               startup_nuc1261.o
    0x000000c0   0x000000c0   0x00000008   Code   RO          136  * !!!main             c_p.l(__main.o)
    0x000000c8   0x000000c8   0x00000054   Code   RO          315    !!!scatter          c_p.l(__scatter.o)
    0x0000011c   0x0000011c   0x0000001a   Code   RO          319    !!handler_copy      c_p.l(__scatter_copy.o)
    0x00000136   0x00000136   0x00000002   PAD
    0x00000138   0x00000138   0x00000002   Code   RO          316    !!handler_null      c_p.l(__scatter.o)
    0x0000013a   0x0000013a   0x00000002   PAD
    0x0000013c   0x0000013c   0x0000001c   Code   RO          321    !!handler_zi        c_p.l(__scatter_zi.o)
    0x00000158   0x00000158   0x00000002   Code   RO          176    .ARM.Collect$$libinit$$00000000  c_p.l(libinit.o)
    0x0000015a   0x0000015a   0x00000000   Code   RO          190    .ARM.Collect$$libinit$$00000002  c_p.l(libinit2.o)
    0x0000015a   0x0000015a   0x00000000   Code   RO          192    .ARM.Collect$$libinit$$00000004  c_p.l(libinit2.o)
    0x0000015a   0x0000015a   0x00000000   Code   RO          194    .ARM.Collect$$libinit$$00000006  c_p.l(libinit2.o)
    0x0000015a   0x0000015a   0x00000000   Code   RO          197    .ARM.Collect$$libinit$$0000000C  c_p.l(libinit2.o)
    0x0000015a   0x0000015a   0x00000000   Code   RO          199    .ARM.Collect$$libinit$$0000000E  c_p.l(libinit2.o)
    0x0000015a   0x0000015a   0x00000000   Code   RO          201    .ARM.Collect$$libinit$$00000010  c_p.l(libinit2.o)
    0x0000015a   0x0000015a   0x00000000   Code   RO          204    .ARM.Collect$$libinit$$00000013  c_p.l(libinit2.o)
    0x0000015a   0x0000015a   0x00000000   Code   RO          206    .ARM.Collect$$libinit$$00000015  c_p.l(libinit2.o)
    0x0000015a   0x0000015a   0x00000000   Code   RO          208    .ARM.Collect$$libinit$$00000017  c_p.l(libinit2.o)
    0x0000015a   0x0000015a   0x00000000   Code   RO          210    .ARM.Collect$$libinit$$00000019  c_p.l(libinit2.o)
    0x0000015a   0x0000015a   0x00000000   Code   RO          212    .ARM.Collect$$libinit$$0000001B  c_p.l(libinit2.o)
    0x0000015a   0x0000015a   0x00000000   Code   RO          214    .ARM.Collect$$libinit$$0000001D  c_p.l(libinit2.o)
    0x0000015a   0x0000015a   0x00000000   Code   RO          216    .ARM.Collect$$libinit$$0000001F  c_p.l(libinit2.o)
    0x0000015a   0x0000015a   0x00000000   Code   RO          218    .ARM.Collect$$libinit$$00000021  c_p.l(libinit2.o)
    0x0000015a   0x0000015a   0x00000000   Code   RO          220    .ARM.Collect$$libinit$$00000023  c_p.l(libinit2.o)
    0x0000015a   0x0000015a   0x00000000   Code   RO          222    .ARM.Collect$$libinit$$00000025  c_p.l(libinit2.o)
    0x0000015a   0x0000015a   0x00000000   Code   RO          224    .ARM.Collect$$libinit$$00000027  c_p.l(libinit2.o)
    0x0000015a   0x0000015a   0x00000000   Code   RO          228    .ARM.Collect$$libinit$$0000002E  c_p.l(libinit2.o)
    0x0000015a   0x0000015a   0x00000000   Code   RO          230    .ARM.Collect$$libinit$$00000030  c_p.l(libinit2.o)
    0x0000015a   0x0000015a   0x00000000   Code   RO          232    .ARM.Collect$$libinit$$00000032  c_p.l(libinit2.o)
    0x0000015a   0x0000015a   0x00000000   Code   RO          234    .ARM.Collect$$libinit$$00000034  c_p.l(libinit2.o)
    0x0000015a   0x0000015a   0x00000002   Code   RO          235    .ARM.Collect$$libinit$$00000035  c_p.l(libinit2.o)
    0x0000015c   0x0000015c   0x00000002   Code   RO          270    .ARM.Collect$$libshutdown$$00000000  c_p.l(libshutdown.o)
    0x0000015e   0x0000015e   0x00000000   Code   RO          298    .ARM.Collect$$libshutdown$$00000002  c_p.l(libshutdown2.o)
    0x0000015e   0x0000015e   0x00000000   Code   RO          300    .ARM.Collect$$libshutdown$$00000004  c_p.l(libshutdown2.o)
    0x0000015e   0x0000015e   0x00000000   Code   RO          303    .ARM.Collect$$libshutdown$$00000007  c_p.l(libshutdown2.o)
    0x0000015e   0x0000015e   0x00000000   Code   RO          306    .ARM.Collect$$libshutdown$$0000000A  c_p.l(libshutdown2.o)
    0x0000015e   0x0000015e   0x00000000   Code   RO          308    .ARM.Collect$$libshutdown$$0000000C  c_p.l(libshutdown2.o)
    0x0000015e   0x0000015e   0x00000000   Code   RO          311    .ARM.Collect$$libshutdown$$0000000F  c_p.l(libshutdown2.o)
    0x0000015e   0x0000015e   0x00000002   Code   RO          312    .ARM.Collect$$libshutdown$$00000010  c_p.l(libshutdown2.o)
    0x00000160   0x00000160   0x00000000   Code   RO          138    .ARM.Collect$$rtentry$$00000000  c_p.l(__rtentry.o)
    0x00000160   0x00000160   0x00000000   Code   RO          146    .ARM.Collect$$rtentry$$00000002  c_p.l(__rtentry2.o)
    0x00000160   0x00000160   0x00000006   Code   RO          158    .ARM.Collect$$rtentry$$00000004  c_p.l(__rtentry4.o)
    0x00000166   0x00000166   0x00000000   Code   RO          148    .ARM.Collect$$rtentry$$00000009  c_p.l(__rtentry2.o)
    0x00000166   0x00000166   0x00000004   Code   RO          149    .ARM.Collect$$rtentry$$0000000A  c_p.l(__rtentry2.o)
    0x0000016a   0x0000016a   0x00000000   Code   RO          151    .ARM.Collect$$rtentry$$0000000C  c_p.l(__rtentry2.o)
    0x0000016a   0x0000016a   0x00000008   Code   RO          152    .ARM.Collect$$rtentry$$0000000D  c_p.l(__rtentry2.o)
    0x00000172   0x00000172   0x00000002   Code   RO          181    .ARM.Collect$$rtexit$$00000000  c_p.l(rtexit.o)
    0x00000174   0x00000174   0x00000000   Code   RO          241    .ARM.Collect$$rtexit$$00000002  c_p.l(rtexit2.o)
    0x00000174   0x00000174   0x00000004   Code   RO          242    .ARM.Collect$$rtexit$$00000003  c_p.l(rtexit2.o)
    0x00000178   0x00000178   0x00000006   Code   RO          243    .ARM.Collect$$rtexit$$00000004  c_p.l(rtexit2.o)
    0x0000017e   0x0000017e   0x00000002   PAD
    0x00000180   0x00000180   0x00000038   Code   RO          124    .emb_text           c_p.l(rt_memcpy.o)
    0x000001b8   0x000001b8   0x00000054   Code   RO           16  * .text               startup_nuc1261.o
    0x0000020c   0x0000020c   0x00000260   Code   RO           22    .text               main.o
    0x0000046c   0x0000046c   0x00000094   Code   RO           32    .text               crc_util.o
    0x00000500   0x00000500   0x0000014c   Code   RO           39    .text               fmc_user.o
    0x0000064c   0x0000064c   0x00000188   Code   RO           47    .text               fw_metadata.o
    0x000007d4   0x000007d4   0x000001c4   Code   RO           54    .text               fw_ota_mark_setup.o
    0x00000998   0x00000998   0x0000037c   Code   RO           62    .text               fw_selfcheck.o
    0x00000d14   0x00000d14   0x000000ac   Code   RO           70    .text               fw_status.o
    0x00000dc0   0x00000dc0   0x000000c0   Code   RO           77    .text               uart_comm.o
    0x00000e80   0x00000e80   0x00000200   Code   RO           85    .text               uart_user.o
    0x00001080   0x00001080   0x000000b4   Code   RO           96    .text               wdt_user.o
    0x00001134   0x00001134   0x000000a0   Code   RO          103    .text               crc.o
    0x000011d4   0x000011d4   0x00000300   Code   RO          110    .text               fmc.o
    0x000014d4   0x000014d4   0x00000034   Code   RO          117    .text               wdt.o
    0x00001508   0x00001508   0x00000082   Code   RO          125    .text               c_p.l(rt_memcpy.o)
    0x0000158a   0x0000158a   0x00000012   Code   RO          128    .text               c_p.l(aeabi_memset.o)
    0x0000159c   0x0000159c   0x00000006   Code   RO          134    .text               c_p.l(heapauxi.o)
    0x000015a2   0x000015a2   0x00000040   Code   RO          143    .text               c_p.l(rt_memclr.o)
    0x000015e2   0x000015e2   0x0000003e   Code   RO          162    .text               c_p.l(sys_stackheap_outer.o)
    0x00001620   0x00001620   0x00000010   Code   RO          165    .text               c_p.l(exit.o)
    0x00001630   0x00001630   0x00000008   Code   RO          177    .text               c_p.l(libspace.o)
    0x00001638   0x00001638   0x0000000c   Code   RO          236    .text               c_p.l(sys_exit.o)
    0x00001644   0x00001644   0x00000002   Code   RO          259    .text               c_p.l(use_no_semi.o)
    0x00001646   0x00001646   0x00000000   Code   RO          261    .text               c_p.l(indicate_semi.o)
    0x00001646   0x00001646   0x00000002   PAD
    0x00001648   0x00001648   0x00000020   Data   RO          314    Region$$Table       anon$$obj.o


    Execution Region RW_IRAM1 (Exec base: 0x20000000, Load base: 0x00001668, Size: 0x00000558, Max: 0x00005000, ABSOLUTE)

    Exec Addr    Load Addr    Size         Type   Attr      Idx    E Section Name        Object

    0x20000000   0x00001668   0x00000004   Data   RW            4    .data.CyclesPerUs   system_nuc1261.o
    0x20000004   0x0000166c   0x00000004   Data   RW            5    .data.PllClock      system_nuc1261.o
    0x20000008   0x00001670   0x00000004   Data   RW            3    .data.SystemCoreClock  system_nuc1261.o
    0x2000000c   0x00001674   0x00000004   PAD
    0x20000010        -       0x00000060   Zero   RW          178    .bss                c_p.l(libspace.o)
    0x20000070        -       0x00000004   Zero   RW           25    .bss.BlinkLED.tick  main.o
    0x20000074        -       0x00000001   Zero   RW           79    .bss.Mcu_respond.packet_seq  uart_comm.o
    0x20000075        -       0x00000001   Zero   RW           88    .bss.bUartDataReady  uart_user.o
    0x20000076        -       0x00000001   Zero   RW           89    .bss.bufhead        uart_user.o
    0x20000077   0x00001674   0x00000001   PAD
    0x20000078        -       0x00000004   Zero   RW           41    .bss.g_FMC_i32ErrCode  fmc_user.o
    0x2000007c        -       0x0000000c   Zero   RW           64    .bss.g_fw_ctx       fw_selfcheck.o
    0x20000088        -       0x00000001   Zero   RW           24    .bss.g_marked_active  main.o
    0x20000089   0x00001674   0x00000003   PAD
    0x2000008c        -       0x00000064   Zero   RW           90    .bss.response_buff  uart_user.o
    0x200000f0        -       0x00000064   Zero   RW           87    .bss.uart_rcvbuf    uart_user.o
    0x20000154   0x00001674   0x00000004   PAD
    0x20000158        -       0x00000000   Zero   RW           14    HEAP                startup_nuc1261.o
    0x20000158        -       0x00000400   Zero   RW           13    STACK               startup_nuc1261.o


==============================================================================

Image component sizes


      Code (inc. data)   RO Data    RW Data    ZI Data      Debug   Object Name

       160         16          0          0          0       1109   crc.o
       148          4          0          0          0       1147   crc_util.o
       768        116          0          0          0       3494   fmc.o
       332         28          0          0          4       1818   fmc_user.o
       392          4          0          0          0       2020   fw_metadata.o
       452          8          0          0          0       1483   fw_ota_mark_setup.o
       892        132          0          0         12       5121   fw_selfcheck.o
       172         12          0          0          0       1792   fw_status.o
       608        112          0          0          5       3916   main.o
        84         30        192          0       1024        888   startup_nuc1261.o
         0          0          0         12          0       2185   system_nuc1261.o
       192          4          0          0          1       1302   uart_comm.o
       512         80          0          0        202       3407   uart_user.o
        52          8          0          0          0        929   wdt.o
       180         40          0          0          0       2536   wdt_user.o

    ----------------------------------------------------------------------
      4944        594        224         12       1260      33147   Object Totals
         0          0         32          0          0          0   (incl. Generated)
         0          0          0          0         12          0   (incl. Padding)

    ----------------------------------------------------------------------

      Code (inc. data)   RO Data    RW Data    ZI Data      Debug   Library Member Name

         8          0          0          0          0         68   __main.o
         0          0          0          0          0          0   __rtentry.o
        12          0          0          0          0          0   __rtentry2.o
         6          0          0          0          0          0   __rtentry4.o
        86         10          0          0          0          0   __scatter.o
        26          0          0          0          0          0   __scatter_copy.o
        28          0          0          0          0          0   __scatter_zi.o
        18          0          0          0          0         68   aeabi_memset.o
        16          0          0          0          0         68   exit.o
         6          0          0          0          0        136   heapauxi.o
         0          0          0          0          0          0   indicate_semi.o
         2          0          0          0          0          0   libinit.o
         2          0          0          0          0          0   libinit2.o
         2          0          0          0          0          0   libshutdown.o
         2          0          0          0          0          0   libshutdown2.o
         8          4          0          0         96         68   libspace.o
        64          0          0          0          0        108   rt_memclr.o
       186          0          0          0          0        144   rt_memcpy.o
         2          0          0          0          0          0   rtexit.o
        10          0          0          0          0          0   rtexit2.o
        12          4          0          0          0         60   sys_exit.o
        62          0          0          0          0         80   sys_stackheap_outer.o
         2          0          0          0          0         68   use_no_semi.o

    ----------------------------------------------------------------------
       568         18          0          0         96        868   Library Totals
         8          0          0          0          0          0   (incl. Padding)

    ----------------------------------------------------------------------

      Code (inc. data)   RO Data    RW Data    ZI Data      Debug   Library Name

       560         18          0          0         96        868   c_p.l

    ----------------------------------------------------------------------
       568         18          0          0         96        868   Library Totals

    ----------------------------------------------------------------------

==============================================================================


      Code (inc. data)   RO Data    RW Data    ZI Data      Debug   

      5512        612        224         12       1356      33567   Grand Totals
      5512        612        224         12       1356      33567   ELF Image Totals
      5512        612        224         12          0          0   ROM Totals

==============================================================================

    Total RO  Size (Code + RO Data)                 5736 (   5.60kB)
    Total RW  Size (RW Data + ZI Data)              1368 (   1.34kB)
    Total ROM Size (Code + RO Data + RW Data)       5748 (   5.61kB)

==============================================================================

