Component: Arm Compiler for Embedded 6.23 Tool: armlink [5f102400]

==============================================================================

Small function inlining results

Inlined function __aeabi_idiv0 from idiv0.o at offset 0x160 in aeabi_sdiv.o(.text).
Inlined Instruction: BX       lr
Inlined function __aeabi_idiv0 from idiv0.o at offset 0xc in aeabi_sdiv_div0.o(.text).
Inlined Instruction: BX       lr
Inlined function __aeabi_idiv0 from idiv0.o at offset 0x176 in aeabi_sdiv_div0.o(.text).
Inlined Instruction: BX       lr
Inlined function __aeabi_idiv0 from idiv0.o at offset 0x18 in uidiv_div0.o(.text).
Inlined Instruction: BX       lr
Inlined function __aeabi_idiv0 from idiv0.o at offset 0x42 in idiv_div0.o(.text).
Inlined Instruction: BX       lr
Inlined total of 5 calls.

==============================================================================

Section Cross References

    system_nuc1261.o(.text) refers to uidiv_div0.o(.text) for __aeabi_uidiv
    system_nuc1261.o(.text) refers to system_nuc1261.o(.data.PllClock) for PllClock
    system_nuc1261.o(.text) refers to system_nuc1261.o(.rodata.gau32ClkSrcTbl) for gau32ClkSrcTbl
    system_nuc1261.o(.text) refers to system_nuc1261.o(.data.SystemCoreClock) for SystemCoreClock
    system_nuc1261.o(.text) refers to system_nuc1261.o(.data.CyclesPerUs) for CyclesPerUs
    system_nuc1261.o(.ARM.exidx) refers to system_nuc1261.o(.text) for [Anonymous Symbol]
    startup_nuc1261.o(RESET) refers to startup_nuc1261.o(STACK) for __initial_sp
    startup_nuc1261.o(RESET) refers to startup_nuc1261.o(.text) for Reset_Handler
    startup_nuc1261.o(RESET) refers to uart_transfer.o(.text) for UART02_IRQHandler
    startup_nuc1261.o(.text) refers to entry.o(.ARM.Collect$$$$00000000) for __main
    startup_nuc1261.o(.text) refers to main.o(.text) for ProcessHardFault
    main.o(.text) refers to system_nuc1261.o(.data.SystemCoreClock) for SystemCoreClock
    main.o(.text) refers to system_nuc1261.o(.data.PllClock) for PllClock
    main.o(.text) refers to system_nuc1261.o(.data.CyclesPerUs) for CyclesPerUs
    main.o(.text) refers to uart_transfer.o(.text) for UART_Init
    main.o(.text) refers to targetdev.o(.text) for GetApromSize
    main.o(.text) refers to select_fw.o(.text) for Boot_Decision
    main.o(.text) refers to isp_user.o(.text) for ParseCmd
    main.o(.text) refers to isp_user.o(.bss.g_apromSize) for g_apromSize
    main.o(.text) refers to isp_user.o(.bss.g_dataFlashAddr) for g_dataFlashAddr
    main.o(.text) refers to isp_user.o(.bss.g_dataFlashSize) for g_dataFlashSize
    main.o(.text) refers to uart_transfer.o(.bss.uart_rcvbuf) for uart_rcvbuf
    main.o(.text) refers to uart_transfer.o(.bss.bUartDataReady) for bUartDataReady
    main.o(.text) refers to uart_transfer.o(.bss.bufhead) for bufhead
    main.o(.ARM.exidx) refers to main.o(.text) for [Anonymous Symbol]
    isp_user.o(.text) refers to fmc_user.o(.text) for FMC_Proc
    isp_user.o(.text) refers to fmc.o(.text) for FMC_Open
    isp_user.o(.text) refers to fw_metadata.o(.text) for isUpdatable
    isp_user.o(.text) refers to isp_user.o(.bss.response_buff) for response_buff
    isp_user.o(.text) refers to isp_user.o(.bss.ParseCmd.g_packno) for [Anonymous Symbol]
    isp_user.o(.text) refers to isp_user.o(.bss.ParseCmd.gcmd) for [Anonymous Symbol]
    isp_user.o(.text) refers to isp_user.o(.bss.ParseCmd.StartAddress) for [Anonymous Symbol]
    isp_user.o(.text) refers to isp_user.o(.bss.ParseCmd.TotalLen) for [Anonymous Symbol]
    isp_user.o(.text) refers to isp_user.o(.bss.g_dataFlashAddr) for g_dataFlashAddr
    isp_user.o(.text) refers to isp_user.o(.bss.g_apromSize) for g_apromSize
    isp_user.o(.text) refers to memseta.o(.text) for __aeabi_memclr
    isp_user.o(.text) refers to select_fw.o(.text) for VerifyFirmware
    isp_user.o(.text) refers to isp_user.o(.bss.ParseCmd.LastDataLen) for [Anonymous Symbol]
    isp_user.o(.text) refers to isp_user.o(.bss.aprom_buf) for [Anonymous Symbol]
    isp_user.o(.text) refers to isp_user.o(.bss.ParseCmd.g_fw_bank_locked) for [Anonymous Symbol]
    isp_user.o(.text) refers to isp_user.o(.bss.g_dataFlashSize) for g_dataFlashSize
    isp_user.o(.text) refers to isp_user.o(.bss.bUpdateApromCmd) for bUpdateApromCmd
    isp_user.o(.text) refers to fmc_user.o(.bss.g_FMC_i32ErrCode) for g_FMC_i32ErrCode
    isp_user.o(.text) refers to system_nuc1261.o(.data.SystemCoreClock) for SystemCoreClock
    isp_user.o(.ARM.exidx) refers to isp_user.o(.text) for [Anonymous Symbol]
    fw_metadata.o(.text) refers to crc_user.o(.text) for CRC32_Calc
    fw_metadata.o(.text) refers to fmc.o(.text) for FMC_Open
    fw_metadata.o(.text) refers to fmc_user.o(.text) for FMC_Proc
    fw_metadata.o(.text) refers to fmc_user.o(.bss.g_FMC_i32ErrCode) for g_FMC_i32ErrCode
    fw_metadata.o(.ARM.exidx) refers to fw_metadata.o(.text) for [Anonymous Symbol]
    fmc_user.o(.text) refers to system_nuc1261.o(.data.SystemCoreClock) for SystemCoreClock
    fmc_user.o(.ARM.exidx) refers to fmc_user.o(.text) for [Anonymous Symbol]
    select_fw.o(.text) refers to fmc.o(.text) for FMC_Open
    select_fw.o(.text) refers to fmc_user.o(.text) for FMC_Proc
    select_fw.o(.text) refers to fw_metadata.o(.text) for WriteStatus
    select_fw.o(.text) refers to fmc_user.o(.bss.g_FMC_i32ErrCode) for g_FMC_i32ErrCode
    select_fw.o(.text) refers to system_nuc1261.o(.data.SystemCoreClock) for SystemCoreClock
    select_fw.o(.text) refers to wdt.o(.text) for WDT_Open
    select_fw.o(.text) refers to crc_user.o(.text) for Calculate_CRC32
    select_fw.o(.text) refers to system_nuc1261.o(.data.CyclesPerUs) for CyclesPerUs
    select_fw.o(.ARM.exidx) refers to select_fw.o(.text) for [Anonymous Symbol]
    uart_transfer.o(.text) refers to uart_transfer.o(.bss.bufhead) for bufhead
    uart_transfer.o(.text) refers to uart_transfer.o(.bss.bUartDataReady) for bUartDataReady
    uart_transfer.o(.text) refers to uart_transfer.o(.bss.uart_rcvbuf) for uart_rcvbuf
    uart_transfer.o(.text) refers to isp_user.o(.bss.response_buff) for response_buff
    uart_transfer.o(.ARM.exidx) refers to uart_transfer.o(.text) for [Anonymous Symbol]
    targetdev.o(.text) refers to fmc_user.o(.text) for FMC_Proc
    targetdev.o(.text) refers to isp_user.o(.bss.g_apromSize) for g_apromSize
    targetdev.o(.ARM.exidx) refers to targetdev.o(.text) for [Anonymous Symbol]
    crc_user.o(.text) refers to crc.o(.text) for CRC_Open
    crc_user.o(.text) refers to memcpya.o(.text) for __aeabi_memcpy
    crc_user.o(.ARM.exidx) refers to crc_user.o(.text) for [Anonymous Symbol]
    crc.o(.ARM.exidx) refers to crc.o(.text) for [Anonymous Symbol]
    fmc.o(.text) refers to fmc_user.o(.bss.g_FMC_i32ErrCode) for g_FMC_i32ErrCode
    fmc.o(.text) refers to system_nuc1261.o(.data.SystemCoreClock) for SystemCoreClock
    fmc.o(.ARM.exidx) refers to fmc.o(.text) for [Anonymous Symbol]
    wdt.o(.ARM.exidx) refers to wdt.o(.text) for [Anonymous Symbol]
    entry.o(.ARM.Collect$$$$00000000) refers (Special) to entry10a.o(.ARM.Collect$$$$0000000D) for __rt_final_cpp
    entry.o(.ARM.Collect$$$$00000000) refers (Special) to entry11a.o(.ARM.Collect$$$$0000000F) for __rt_final_exit
    entry.o(.ARM.Collect$$$$00000000) refers (Special) to entry7b.o(.ARM.Collect$$$$00000008) for _main_clock
    entry.o(.ARM.Collect$$$$00000000) refers (Special) to entry8b.o(.ARM.Collect$$$$0000000A) for _main_cpp_init
    entry.o(.ARM.Collect$$$$00000000) refers (Special) to entry9a.o(.ARM.Collect$$$$0000000B) for _main_init
    entry.o(.ARM.Collect$$$$00000000) refers (Special) to entry5.o(.ARM.Collect$$$$00000004) for _main_scatterload
    entry.o(.ARM.Collect$$$$00000000) refers (Special) to entry2.o(.ARM.Collect$$$$00000001) for _main_stk
    entry2.o(.ARM.Collect$$$$00000001) refers to entry2.o(.ARM.Collect$$$$00002712) for __lit__00000000
    entry2.o(.ARM.Collect$$$$00002712) refers to startup_nuc1261.o(STACK) for __initial_sp
    entry2.o(__vectab_stack_and_reset_area) refers to startup_nuc1261.o(STACK) for __initial_sp
    entry2.o(__vectab_stack_and_reset_area) refers to entry.o(.ARM.Collect$$$$00000000) for __main
    entry5.o(.ARM.Collect$$$$00000004) refers to init.o(.text) for __scatterload
    entry9a.o(.ARM.Collect$$$$0000000B) refers to main.o(.text) for main
    entry9b.o(.ARM.Collect$$$$0000000C) refers to main.o(.text) for main
    idiv_div0.o(.text) refers to uidiv_div0.o(.text) for __aeabi_uidivmod
    init.o(.text) refers to entry5.o(.ARM.Collect$$$$00000004) for __main_after_scatterload


==============================================================================

Removing Unused input sections from the image.

    Removing system_nuc1261.o(.text), (302 bytes).
    Removing system_nuc1261.o(.ARM.exidx), (24 bytes).
    Removing system_nuc1261.o(.rodata.gau32ClkSrcTbl), (32 bytes).
    Removing system_nuc1261.o(.rodata.cst4), (4 bytes).
    Removing startup_nuc1261.o(HEAP), (0 bytes).
    Removing main.o(.ARM.exidx), (40 bytes).
    Removing main.o(.ARM.use_no_argv), (4 bytes).
    Removing isp_user.o(.ARM.exidx), (32 bytes).
    Removing isp_user.o(.bss.bISPDataReady), (1 bytes).
    Removing fw_metadata.o(.ARM.exidx), (24 bytes).
    Removing fmc_user.o(.ARM.exidx), (16 bytes).
    Removing select_fw.o(.ARM.exidx), (120 bytes).
    Removing uart_transfer.o(.ARM.exidx), (40 bytes).
    Removing targetdev.o(.ARM.exidx), (16 bytes).
    Removing crc_user.o(.ARM.exidx), (24 bytes).
    Removing crc.o(.ARM.exidx), (16 bytes).
    Removing fmc.o(.ARM.exidx), (152 bytes).
    Removing wdt.o(.ARM.exidx), (8 bytes).

18 unused section(s) (total 855 bytes) removed from the image.

==============================================================================

Image Symbol Table

    Local Symbols

    Symbol Name                              Value     Ov Type        Size  Object(Section)

    ../clib/division.s                       0x00000000   Number         0  aeabi_sdiv.o ABSOLUTE
    ../clib/division.s                       0x00000000   Number         0  aeabi_sdiv_div0.o ABSOLUTE
    ../clib/microlib/division.c              0x00000000   Number         0  uidiv.o ABSOLUTE
    ../clib/microlib/division.c              0x00000000   Number         0  uidiv_div0.o ABSOLUTE
    ../clib/microlib/division.c              0x00000000   Number         0  idiv_div0.o ABSOLUTE
    ../clib/microlib/division.c              0x00000000   Number         0  idiv0.o ABSOLUTE
    ../clib/microlib/init/entry.s            0x00000000   Number         0  entry.o ABSOLUTE
    ../clib/microlib/init/entry.s            0x00000000   Number         0  entry2.o ABSOLUTE
    ../clib/microlib/init/entry.s            0x00000000   Number         0  entry5.o ABSOLUTE
    ../clib/microlib/init/entry.s            0x00000000   Number         0  entry7a.o ABSOLUTE
    ../clib/microlib/init/entry.s            0x00000000   Number         0  entry7b.o ABSOLUTE
    ../clib/microlib/init/entry.s            0x00000000   Number         0  entry8a.o ABSOLUTE
    ../clib/microlib/init/entry.s            0x00000000   Number         0  entry8b.o ABSOLUTE
    ../clib/microlib/init/entry.s            0x00000000   Number         0  entry9a.o ABSOLUTE
    ../clib/microlib/init/entry.s            0x00000000   Number         0  entry9b.o ABSOLUTE
    ../clib/microlib/init/entry.s            0x00000000   Number         0  entry10a.o ABSOLUTE
    ../clib/microlib/init/entry.s            0x00000000   Number         0  entry10b.o ABSOLUTE
    ../clib/microlib/init/entry.s            0x00000000   Number         0  entry11a.o ABSOLUTE
    ../clib/microlib/init/entry.s            0x00000000   Number         0  entry11b.o ABSOLUTE
    ../clib/microlib/string/memcpy.c         0x00000000   Number         0  memcpya.o ABSOLUTE
    ../clib/microlib/string/memcpy.c         0x00000000   Number         0  memcpyb.o ABSOLUTE
    ../clib/microlib/string/memset.c         0x00000000   Number         0  memseta.o ABSOLUTE
    ..\..\Library\Device\Nuvoton\NUC1261\Source\ARM\startup_NUC1261.s 0x00000000   Number         0  startup_nuc1261.o ABSOLUTE
    Select_fw.c                              0x00000000   Number         0  select_fw.o ABSOLUTE
    crc.c                                    0x00000000   Number         0  crc.o ABSOLUTE
    crc_user.c                               0x00000000   Number         0  crc_user.o ABSOLUTE
    fmc.c                                    0x00000000   Number         0  fmc.o ABSOLUTE
    fmc_user.c                               0x00000000   Number         0  fmc_user.o ABSOLUTE
    fw_metadata.c                            0x00000000   Number         0  fw_metadata.o ABSOLUTE
    handlers.s                               0x00000000   Number         0  handlers.o ABSOLUTE
    init.s                                   0x00000000   Number         0  init.o ABSOLUTE
    isp_user.c                               0x00000000   Number         0  isp_user.o ABSOLUTE
    main.c                                   0x00000000   Number         0  main.o ABSOLUTE
    system_NUC1261.c                         0x00000000   Number         0  system_nuc1261.o ABSOLUTE
    targetdev.c                              0x00000000   Number         0  targetdev.o ABSOLUTE
    uart_transfer.c                          0x00000000   Number         0  uart_transfer.o ABSOLUTE
    wdt.c                                    0x00000000   Number         0  wdt.o ABSOLUTE
    RESET                                    0x00000000   Section      192  startup_nuc1261.o(RESET)
    .ARM.Collect$$$$00000000                 0x000000c0   Section        0  entry.o(.ARM.Collect$$$$00000000)
    .ARM.Collect$$$$00000001                 0x000000c0   Section        4  entry2.o(.ARM.Collect$$$$00000001)
    .ARM.Collect$$$$00000004                 0x000000c4   Section        4  entry5.o(.ARM.Collect$$$$00000004)
    .ARM.Collect$$$$00000008                 0x000000c8   Section        0  entry7b.o(.ARM.Collect$$$$00000008)
    .ARM.Collect$$$$0000000A                 0x000000c8   Section        0  entry8b.o(.ARM.Collect$$$$0000000A)
    .ARM.Collect$$$$0000000B                 0x000000c8   Section        8  entry9a.o(.ARM.Collect$$$$0000000B)
    __lit__00000000                          0x000000d0   Data           4  entry2.o(.ARM.Collect$$$$00002712)
    .ARM.Collect$$$$0000000D                 0x000000d0   Section        0  entry10a.o(.ARM.Collect$$$$0000000D)
    .ARM.Collect$$$$0000000F                 0x000000d0   Section        0  entry11a.o(.ARM.Collect$$$$0000000F)
    .ARM.Collect$$$$00002712                 0x000000d0   Section        4  entry2.o(.ARM.Collect$$$$00002712)
    .text                                    0x000000d4   Section       60  startup_nuc1261.o(.text)
    Default_Handler                          0x000000f1   Thumb Code     2  startup_nuc1261.o(.text)
    [Anonymous Symbol]                       0x00000110   Section        0  main.o(.text)
    __arm_cp.2_0                             0x00000208   Number         4  main.o(.text)
    __arm_cp.2_1                             0x0000020c   Number         4  main.o(.text)
    __arm_cp.2_2                             0x00000210   Number         4  main.o(.text)
    __arm_cp.2_3                             0x00000214   Number         4  main.o(.text)
    __arm_cp.2_4                             0x00000218   Number         4  main.o(.text)
    __arm_cp.2_5                             0x0000021c   Number         4  main.o(.text)
    __arm_cp.2_6                             0x00000220   Number         4  main.o(.text)
    __arm_cp.2_7                             0x00000224   Number         4  main.o(.text)
    __arm_cp.2_8                             0x00000228   Number         4  main.o(.text)
    __arm_cp.2_9                             0x0000022c   Number         4  main.o(.text)
    __arm_cp.2_10                            0x00000230   Number         4  main.o(.text)
    __arm_cp.2_11                            0x00000234   Number         4  main.o(.text)
    __arm_cp.2_12                            0x00000238   Number         4  main.o(.text)
    __arm_cp.2_13                            0x0000023c   Number         4  main.o(.text)
    __arm_cp.2_14                            0x00000240   Number         4  main.o(.text)
    __arm_cp.2_15                            0x00000244   Number         4  main.o(.text)
    __arm_cp.2_16                            0x00000248   Number         4  main.o(.text)
    __arm_cp.2_17                            0x0000024c   Number         4  main.o(.text)
    __arm_cp.3_0                             0x0000034c   Number         4  main.o(.text)
    __arm_cp.3_1                             0x00000350   Number         4  main.o(.text)
    __arm_cp.3_2                             0x00000354   Number         4  main.o(.text)
    __arm_cp.3_3                             0x00000358   Number         4  main.o(.text)
    __arm_cp.3_4                             0x0000035c   Number         4  main.o(.text)
    __arm_cp.3_5                             0x00000360   Number         4  main.o(.text)
    __arm_cp.3_6                             0x00000364   Number         4  main.o(.text)
    __arm_cp.3_7                             0x00000368   Number         4  main.o(.text)
    __arm_cp.3_8                             0x0000036c   Number         4  main.o(.text)
    __arm_cp.3_9                             0x00000370   Number         4  main.o(.text)
    __arm_cp.3_10                            0x00000374   Number         4  main.o(.text)
    __arm_cp.3_11                            0x00000378   Number         4  main.o(.text)
    __arm_cp.3_12                            0x0000037c   Number         4  main.o(.text)
    __arm_cp.3_13                            0x00000380   Number         4  main.o(.text)
    __arm_cp.3_14                            0x00000384   Number         4  main.o(.text)
    __arm_cp.3_15                            0x00000388   Number         4  main.o(.text)
    __arm_cp.3_16                            0x0000038c   Number         4  main.o(.text)
    __arm_cp.3_17                            0x00000390   Number         4  main.o(.text)
    SYS_UnlockReg                            0x00000395   Thumb Code    52  main.o(.text)
    __arm_cp.4_0                             0x000003c8   Number         4  main.o(.text)
    __arm_cp.4_1                             0x000003cc   Number         4  main.o(.text)
    [Anonymous Symbol]                       0x000003d0   Section        0  isp_user.o(.text)
    __arm_cp.0_27                            0x000007bc   Number         4  isp_user.o(.text)
    __arm_cp.0_29                            0x000007c4   Number         4  isp_user.o(.text)
    __arm_cp.0_31                            0x000007cc   Number         4  isp_user.o(.text)
    __arm_cp.0_32                            0x000007d0   Number         4  isp_user.o(.text)
    __arm_cp.0_33                            0x000007d4   Number         4  isp_user.o(.text)
    __arm_cp.0_34                            0x000007d8   Number         4  isp_user.o(.text)
    __arm_cp.0_35                            0x000007dc   Number         4  isp_user.o(.text)
    __arm_cp.0_1                             0x000009e0   Number         4  isp_user.o(.text)
    __arm_cp.0_3                             0x000009e4   Number         4  isp_user.o(.text)
    __arm_cp.0_4                             0x000009e8   Number         4  isp_user.o(.text)
    __arm_cp.0_5                             0x000009ec   Number         4  isp_user.o(.text)
    __arm_cp.0_6                             0x000009f0   Number         4  isp_user.o(.text)
    __arm_cp.0_7                             0x000009f4   Number         4  isp_user.o(.text)
    __arm_cp.0_8                             0x000009f8   Number         4  isp_user.o(.text)
    __arm_cp.0_9                             0x000009fc   Number         4  isp_user.o(.text)
    __arm_cp.0_10                            0x00000a00   Number         4  isp_user.o(.text)
    __arm_cp.0_11                            0x00000a04   Number         4  isp_user.o(.text)
    __arm_cp.0_12                            0x00000a08   Number         4  isp_user.o(.text)
    __arm_cp.0_13                            0x00000a0c   Number         4  isp_user.o(.text)
    __arm_cp.0_14                            0x00000a10   Number         4  isp_user.o(.text)
    __arm_cp.0_15                            0x00000a14   Number         4  isp_user.o(.text)
    __arm_cp.0_16                            0x00000a18   Number         4  isp_user.o(.text)
    __arm_cp.0_17                            0x00000a1c   Number         4  isp_user.o(.text)
    __arm_cp.0_23                            0x00000a20   Number         4  isp_user.o(.text)
    __arm_cp.0_24                            0x00000a24   Number         4  isp_user.o(.text)
    __arm_cp.0_25                            0x00000a28   Number         4  isp_user.o(.text)
    __arm_cp.0_26                            0x00000a2c   Number         4  isp_user.o(.text)
    Checksum                                 0x00000a31   Thumb Code    58  isp_user.o(.text)
    FMC_SetVectorPageAddr                    0x00000a6d   Thumb Code    88  isp_user.o(.text)
    __arm_cp.2_0                             0x00000ac4   Number         4  isp_user.o(.text)
    __arm_cp.2_1                             0x00000ac8   Number         4  isp_user.o(.text)
    __arm_cp.2_2                             0x00000acc   Number         4  isp_user.o(.text)
    __arm_cp.2_3                             0x00000ad0   Number         4  isp_user.o(.text)
    __arm_cp.2_4                             0x00000ad4   Number         4  isp_user.o(.text)
    __NVIC_SystemReset                       0x00000ad9   Thumb Code    20  isp_user.o(.text)
    __arm_cp.3_0                             0x00000aec   Number         4  isp_user.o(.text)
    __arm_cp.3_1                             0x00000af0   Number         4  isp_user.o(.text)
    [Anonymous Symbol]                       0x00000af4   Section        0  fw_metadata.o(.text)
    __arm_cp.0_0                             0x00000b6c   Number         4  fw_metadata.o(.text)
    __arm_cp.0_1                             0x00000b70   Number         4  fw_metadata.o(.text)
    __arm_cp.1_0                             0x00000be0   Number         4  fw_metadata.o(.text)
    __arm_cp.1_1                             0x00000be4   Number         4  fw_metadata.o(.text)
    __arm_cp.1_2                             0x00000be8   Number         4  fw_metadata.o(.text)
    __arm_cp.2_0                             0x00000c34   Number         4  fw_metadata.o(.text)
    [Anonymous Symbol]                       0x00000c38   Section        0  fmc_user.o(.text)
    __arm_cp.0_0                             0x00000d0c   Number         4  fmc_user.o(.text)
    __arm_cp.0_1                             0x00000d10   Number         4  fmc_user.o(.text)
    __arm_cp.0_2                             0x00000d14   Number         4  fmc_user.o(.text)
    __arm_cp.0_3                             0x00000d18   Number         4  fmc_user.o(.text)
    __arm_cp.0_4                             0x00000d1c   Number         4  fmc_user.o(.text)
    __arm_cp.0_5                             0x00000d20   Number         4  fmc_user.o(.text)
    __arm_cp.1_1                             0x00000d80   Number         4  fmc_user.o(.text)
    [Anonymous Symbol]                       0x00000d84   Section        0  select_fw.o(.text)
    __arm_cp.1_0                             0x00000ec8   Number         4  select_fw.o(.text)
    __arm_cp.1_1                             0x00000ecc   Number         4  select_fw.o(.text)
    __arm_cp.1_2                             0x00000ed0   Number         4  select_fw.o(.text)
    __arm_cp.1_3                             0x00000ed4   Number         4  select_fw.o(.text)
    FMC_Erase                                0x00000ed9   Thumb Code   136  select_fw.o(.text)
    __arm_cp.2_0                             0x00000f60   Number         4  select_fw.o(.text)
    __arm_cp.2_1                             0x00000f64   Number         4  select_fw.o(.text)
    __arm_cp.2_2                             0x00000f68   Number         4  select_fw.o(.text)
    __arm_cp.2_3                             0x00000f6c   Number         4  select_fw.o(.text)
    __arm_cp.2_4                             0x00000f70   Number         4  select_fw.o(.text)
    __arm_cp.2_5                             0x00000f74   Number         4  select_fw.o(.text)
    __arm_cp.2_6                             0x00000f78   Number         4  select_fw.o(.text)
    __arm_cp.2_7                             0x00000f7c   Number         4  select_fw.o(.text)
    IsValidAddress                           0x00000f81   Thumb Code    90  select_fw.o(.text)
    __arm_cp.4_0                             0x00001034   Number         4  select_fw.o(.text)
    __arm_cp.4_1                             0x00001038   Number         4  select_fw.o(.text)
    __arm_cp.4_2                             0x0000103c   Number         4  select_fw.o(.text)
    __arm_cp.4_3                             0x00001040   Number         4  select_fw.o(.text)
    __arm_cp.4_4                             0x00001044   Number         4  select_fw.o(.text)
    __arm_cp.5_0                             0x00001068   Number         4  select_fw.o(.text)
    __arm_cp.6_0                             0x0000107c   Number         4  select_fw.o(.text)
    __arm_cp.7_0                             0x0000108c   Number         4  select_fw.o(.text)
    __arm_cp.7_1                             0x00001090   Number         4  select_fw.o(.text)
    SYS_UnlockReg                            0x00001125   Thumb Code    52  select_fw.o(.text)
    __arm_cp.9_0                             0x00001158   Number         4  select_fw.o(.text)
    __arm_cp.9_1                             0x0000115c   Number         4  select_fw.o(.text)
    FMC_SetVectorPageAddr                    0x00001161   Thumb Code    88  select_fw.o(.text)
    __arm_cp.10_0                            0x000011b8   Number         4  select_fw.o(.text)
    __arm_cp.10_1                            0x000011bc   Number         4  select_fw.o(.text)
    __arm_cp.10_2                            0x000011c0   Number         4  select_fw.o(.text)
    __arm_cp.10_3                            0x000011c4   Number         4  select_fw.o(.text)
    __arm_cp.10_4                            0x000011c8   Number         4  select_fw.o(.text)
    __NVIC_SystemReset                       0x000011cd   Thumb Code    20  select_fw.o(.text)
    __arm_cp.11_0                            0x000011e0   Number         4  select_fw.o(.text)
    __arm_cp.11_1                            0x000011e4   Number         4  select_fw.o(.text)
    CLK_SysTickDelay                         0x00001261   Thumb Code    56  select_fw.o(.text)
    __arm_cp.14_0                            0x00001298   Number         4  select_fw.o(.text)
    __arm_cp.14_1                            0x0000129c   Number         4  select_fw.o(.text)
    __arm_cp.14_2                            0x000012a0   Number         4  select_fw.o(.text)
    __arm_cp.14_3                            0x000012a4   Number         4  select_fw.o(.text)
    [Anonymous Symbol]                       0x000012a8   Section        0  uart_transfer.o(.text)
    __arm_cp.0_0                             0x00001338   Number         4  uart_transfer.o(.text)
    __arm_cp.0_1                             0x0000133c   Number         4  uart_transfer.o(.text)
    __arm_cp.0_2                             0x00001340   Number         4  uart_transfer.o(.text)
    __arm_cp.0_3                             0x00001344   Number         4  uart_transfer.o(.text)
    __arm_cp.0_4                             0x00001348   Number         4  uart_transfer.o(.text)
    __arm_cp.0_5                             0x0000134c   Number         4  uart_transfer.o(.text)
    __arm_cp.1_0                             0x00001388   Number         4  uart_transfer.o(.text)
    __arm_cp.1_1                             0x0000138c   Number         4  uart_transfer.o(.text)
    __arm_cp.1_2                             0x00001390   Number         4  uart_transfer.o(.text)
    __arm_cp.2_0                             0x000013d8   Number         4  uart_transfer.o(.text)
    __arm_cp.2_1                             0x000013dc   Number         4  uart_transfer.o(.text)
    __arm_cp.2_2                             0x000013e0   Number         4  uart_transfer.o(.text)
    __arm_cp.2_3                             0x000013e4   Number         4  uart_transfer.o(.text)
    __arm_cp.2_4                             0x000013e8   Number         4  uart_transfer.o(.text)
    __arm_cp.2_5                             0x000013ec   Number         4  uart_transfer.o(.text)
    __arm_cp.2_6                             0x000013f0   Number         4  uart_transfer.o(.text)
    __arm_cp.2_7                             0x000013f4   Number         4  uart_transfer.o(.text)
    __NVIC_SetPriority                       0x000013f9   Thumb Code   124  uart_transfer.o(.text)
    __arm_cp.3_0                             0x00001474   Number         4  uart_transfer.o(.text)
    __arm_cp.3_1                             0x00001478   Number         4  uart_transfer.o(.text)
    __NVIC_EnableIRQ                         0x0000147d   Thumb Code    40  uart_transfer.o(.text)
    __arm_cp.4_0                             0x000014a4   Number         4  uart_transfer.o(.text)
    [Anonymous Symbol]                       0x000014a8   Section        0  targetdev.o(.text)
    __arm_cp.1_0                             0x00001564   Number         4  targetdev.o(.text)
    __arm_cp.1_1                             0x00001568   Number         4  targetdev.o(.text)
    __arm_cp.1_2                             0x0000156c   Number         4  targetdev.o(.text)
    [Anonymous Symbol]                       0x00001570   Section        0  crc_user.o(.text)
    __arm_cp.0_0                             0x00001600   Number         4  crc_user.o(.text)
    [Anonymous Symbol]                       0x0000162c   Section        0  crc.o(.text)
    __arm_cp.0_0                             0x0000165c   Number         4  crc.o(.text)
    __arm_cp.0_1                             0x00001660   Number         4  crc.o(.text)
    __arm_cp.1_0                             0x000016c4   Number         4  crc.o(.text)
    __arm_cp.1_1                             0x000016c8   Number         4  crc.o(.text)
    [Anonymous Symbol]                       0x000016cc   Section        0  fmc.o(.text)
    __arm_cp.0_0                             0x000016f4   Number         4  fmc.o(.text)
    __arm_cp.1_0                             0x00001704   Number         4  fmc.o(.text)
    __arm_cp.2_0                             0x00001714   Number         4  fmc.o(.text)
    __arm_cp.3_0                             0x00001724   Number         4  fmc.o(.text)
    __arm_cp.4_0                             0x00001734   Number         4  fmc.o(.text)
    __arm_cp.5_0                             0x00001744   Number         4  fmc.o(.text)
    __arm_cp.6_0                             0x00001754   Number         4  fmc.o(.text)
    __arm_cp.7_0                             0x00001764   Number         4  fmc.o(.text)
    __arm_cp.8_0                             0x00001774   Number         4  fmc.o(.text)
    __arm_cp.9_0                             0x00001784   Number         4  fmc.o(.text)
    __arm_cp.10_0                            0x000017a8   Number         4  fmc.o(.text)
    __arm_cp.11_0                            0x000017b8   Number         4  fmc.o(.text)
    __arm_cp.12_0                            0x000017c4   Number         4  fmc.o(.text)
    __arm_cp.13_0                            0x00001820   Number         4  fmc.o(.text)
    FMC_Read                                 0x00001825   Thumb Code    92  fmc.o(.text)
    __arm_cp.14_0                            0x00001880   Number         4  fmc.o(.text)
    __arm_cp.14_1                            0x00001884   Number         4  fmc.o(.text)
    __arm_cp.14_2                            0x00001888   Number         4  fmc.o(.text)
    __arm_cp.14_3                            0x0000188c   Number         4  fmc.o(.text)
    __arm_cp.14_4                            0x00001890   Number         4  fmc.o(.text)
    __arm_cp.14_5                            0x00001894   Number         4  fmc.o(.text)
    __arm_cp.15_0                            0x00001920   Number         4  fmc.o(.text)
    FMC_Write                                0x00001925   Thumb Code    96  fmc.o(.text)
    __arm_cp.16_0                            0x00001984   Number         4  fmc.o(.text)
    __arm_cp.16_1                            0x00001988   Number         4  fmc.o(.text)
    __arm_cp.16_2                            0x0000198c   Number         4  fmc.o(.text)
    __arm_cp.16_3                            0x00001990   Number         4  fmc.o(.text)
    __arm_cp.16_4                            0x00001994   Number         4  fmc.o(.text)
    __arm_cp.16_5                            0x00001998   Number         4  fmc.o(.text)
    __arm_cp.17_0                            0x000019b8   Number         4  fmc.o(.text)
    __arm_cp.18_0                            0x000019c8   Number         4  fmc.o(.text)
    [Anonymous Symbol]                       0x000019cc   Section        0  wdt.o(.text)
    __arm_cp.0_0                             0x000019f8   Number         4  wdt.o(.text)
    __arm_cp.0_1                             0x000019fc   Number         4  wdt.o(.text)
    .text                                    0x00001a00   Section        0  memcpya.o(.text)
    .text                                    0x00001a24   Section        0  memseta.o(.text)
    .text                                    0x00001a48   Section       48  init.o(.text)
    i.__scatterload_copy                     0x00001a78   Section       14  handlers.o(i.__scatterload_copy)
    i.__scatterload_null                     0x00001a86   Section        2  handlers.o(i.__scatterload_null)
    i.__scatterload_zeroinit                 0x00001a88   Section       14  handlers.o(i.__scatterload_zeroinit)
    ParseCmd.LastDataLen                     0x20000010   Data           4  isp_user.o(.bss.ParseCmd.LastDataLen)
    [Anonymous Symbol]                       0x20000010   Section        0  isp_user.o(.bss.ParseCmd.LastDataLen)
    ParseCmd.StartAddress                    0x20000014   Data           4  isp_user.o(.bss.ParseCmd.StartAddress)
    [Anonymous Symbol]                       0x20000014   Section        0  isp_user.o(.bss.ParseCmd.StartAddress)
    ParseCmd.TotalLen                        0x20000018   Data           4  isp_user.o(.bss.ParseCmd.TotalLen)
    [Anonymous Symbol]                       0x20000018   Section        0  isp_user.o(.bss.ParseCmd.TotalLen)
    ParseCmd.g_fw_bank_locked                0x2000001c   Data           1  isp_user.o(.bss.ParseCmd.g_fw_bank_locked)
    [Anonymous Symbol]                       0x2000001c   Section        0  isp_user.o(.bss.ParseCmd.g_fw_bank_locked)
    ParseCmd.g_packno                        0x2000001d   Data           1  isp_user.o(.bss.ParseCmd.g_packno)
    [Anonymous Symbol]                       0x2000001d   Section        0  isp_user.o(.bss.ParseCmd.g_packno)
    ParseCmd.gcmd                            0x2000001e   Data           1  isp_user.o(.bss.ParseCmd.gcmd)
    [Anonymous Symbol]                       0x2000001e   Section        0  isp_user.o(.bss.ParseCmd.gcmd)
    aprom_buf                                0x20000020   Data        2048  isp_user.o(.bss.aprom_buf)
    [Anonymous Symbol]                       0x20000020   Section        0  isp_user.o(.bss.aprom_buf)
    STACK                                    0x20000908   Section     1024  startup_nuc1261.o(STACK)

    Global Symbols

    Symbol Name                              Value     Ov Type        Size  Object(Section)

    BuildAttributes$$THM_ISAv3M$S$PE$A:L22$X:L11$S22$IEEE1$IW$~IW$USESV6$~STKCKD$USESV7$~SHL$OSPACE$EBA8$MICROLIB$REQ8$PRES8$EABIv2 0x00000000   Number         0  anon$$obj.o ABSOLUTE
    __Vectors                                0x00000000   Data           4  startup_nuc1261.o(RESET)
    __cpp_initialize__aeabi_                  - Undefined Weak Reference
    __cxa_finalize                            - Undefined Weak Reference
    __decompress                              - Undefined Weak Reference
    _clock_init                               - Undefined Weak Reference
    _microlib_exit                            - Undefined Weak Reference
    __main                                   0x000000c1   Thumb Code     0  entry.o(.ARM.Collect$$$$00000000)
    _main_stk                                0x000000c1   Thumb Code     0  entry2.o(.ARM.Collect$$$$00000001)
    _main_scatterload                        0x000000c5   Thumb Code     0  entry5.o(.ARM.Collect$$$$00000004)
    __main_after_scatterload                 0x000000c9   Thumb Code     0  entry5.o(.ARM.Collect$$$$00000004)
    _main_clock                              0x000000c9   Thumb Code     0  entry7b.o(.ARM.Collect$$$$00000008)
    _main_cpp_init                           0x000000c9   Thumb Code     0  entry8b.o(.ARM.Collect$$$$0000000A)
    _main_init                               0x000000c9   Thumb Code     0  entry9a.o(.ARM.Collect$$$$0000000B)
    __rt_final_cpp                           0x000000d1   Thumb Code     0  entry10a.o(.ARM.Collect$$$$0000000D)
    __rt_final_exit                          0x000000d1   Thumb Code     0  entry11a.o(.ARM.Collect$$$$0000000F)
    Reset_Handler                            0x000000d5   Thumb Code     4  startup_nuc1261.o(.text)
    NMI_Handler                              0x000000d9   Thumb Code     2  startup_nuc1261.o(.text)
    HardFault_Handler                        0x000000db   Thumb Code    16  startup_nuc1261.o(.text)
    SVC_Handler                              0x000000eb   Thumb Code     2  startup_nuc1261.o(.text)
    PendSV_Handler                           0x000000ed   Thumb Code     2  startup_nuc1261.o(.text)
    SysTick_Handler                          0x000000ef   Thumb Code     2  startup_nuc1261.o(.text)
    ACMP01_IRQHandler                        0x000000f1   Thumb Code     0  startup_nuc1261.o(.text)
    ADC_IRQHandler                           0x000000f1   Thumb Code     0  startup_nuc1261.o(.text)
    BOD_IRQHandler                           0x000000f1   Thumb Code     0  startup_nuc1261.o(.text)
    CLKDIRC_IRQHandler                       0x000000f1   Thumb Code     0  startup_nuc1261.o(.text)
    EINT024_IRQHandler                       0x000000f1   Thumb Code     0  startup_nuc1261.o(.text)
    EINT135_IRQHandler                       0x000000f1   Thumb Code     0  startup_nuc1261.o(.text)
    GPAB_IRQHandler                          0x000000f1   Thumb Code     0  startup_nuc1261.o(.text)
    GPCDEF_IRQHandler                        0x000000f1   Thumb Code     0  startup_nuc1261.o(.text)
    I2C0_IRQHandler                          0x000000f1   Thumb Code     0  startup_nuc1261.o(.text)
    I2C1_IRQHandler                          0x000000f1   Thumb Code     0  startup_nuc1261.o(.text)
    PDMA_IRQHandler                          0x000000f1   Thumb Code     0  startup_nuc1261.o(.text)
    PWM0_IRQHandler                          0x000000f1   Thumb Code     0  startup_nuc1261.o(.text)
    PWM1_IRQHandler                          0x000000f1   Thumb Code     0  startup_nuc1261.o(.text)
    PWRWU_IRQHandler                         0x000000f1   Thumb Code     0  startup_nuc1261.o(.text)
    RTC_IRQHandler                           0x000000f1   Thumb Code     0  startup_nuc1261.o(.text)
    SC01_IRQHandler                          0x000000f1   Thumb Code     0  startup_nuc1261.o(.text)
    SPI0_IRQHandler                          0x000000f1   Thumb Code     0  startup_nuc1261.o(.text)
    SPI1_IRQHandler                          0x000000f1   Thumb Code     0  startup_nuc1261.o(.text)
    TMR0_IRQHandler                          0x000000f1   Thumb Code     0  startup_nuc1261.o(.text)
    TMR1_IRQHandler                          0x000000f1   Thumb Code     0  startup_nuc1261.o(.text)
    TMR2_IRQHandler                          0x000000f1   Thumb Code     0  startup_nuc1261.o(.text)
    TMR3_IRQHandler                          0x000000f1   Thumb Code     0  startup_nuc1261.o(.text)
    UART1_IRQHandler                         0x000000f1   Thumb Code     0  startup_nuc1261.o(.text)
    USBD_IRQHandler                          0x000000f1   Thumb Code     0  startup_nuc1261.o(.text)
    USCI_IRQHandler                          0x000000f1   Thumb Code     0  startup_nuc1261.o(.text)
    WDT_IRQHandler                           0x000000f1   Thumb Code     0  startup_nuc1261.o(.text)
    SH_DoCommand                             0x000000f5   Thumb Code    10  startup_nuc1261.o(.text)
    __PC                                     0x000000ff   Thumb Code     6  startup_nuc1261.o(.text)
    ProcessHardFault                         0x00000111   Thumb Code     2  main.o(.text)
    SH_Return                                0x00000113   Thumb Code     2  main.o(.text)
    SYS_Init                                 0x00000115   Thumb Code   244  main.o(.text)
    main                                     0x00000251   Thumb Code   252  main.o(.text)
    ParseCmd                                 0x000003d1   Thumb Code  1552  isp_user.o(.text)
    WriteMetadata                            0x00000af5   Thumb Code   120  fw_metadata.o(.text)
    WriteStatus                              0x00000b75   Thumb Code   108  fw_metadata.o(.text)
    isUpdatable                              0x00000bed   Thumb Code    72  fw_metadata.o(.text)
    FMC_Proc                                 0x00000c39   Thumb Code   212  fmc_user.o(.text)
    UpdateConfig                             0x00000d25   Thumb Code    92  fmc_user.o(.text)
    is_valid_active                          0x00000d85   Thumb Code    76  select_fw.o(.text)
    Boot_Decision                            0x00000dd1   Thumb Code   248  select_fw.o(.text)
    JumpToFirmware                           0x00000fdd   Thumb Code    88  select_fw.o(.text)
    InitBootloaderWDT                        0x00001049   Thumb Code    32  select_fw.o(.text)
    ClearWDTResetFlags                       0x0000106d   Thumb Code    16  select_fw.o(.text)
    FeedWDT                                  0x00001081   Thumb Code    12  select_fw.o(.text)
    BlinkStatusLED                           0x00001095   Thumb Code   142  select_fw.o(.text)
    VerifyFirmware                           0x000011e9   Thumb Code    88  select_fw.o(.text)
    VerifyMetadataCRC                        0x00001241   Thumb Code    32  select_fw.o(.text)
    UART02_IRQHandler                        0x000012a9   Thumb Code   144  uart_transfer.o(.text)
    PutString                                0x00001351   Thumb Code    56  uart_transfer.o(.text)
    UART_Init                                0x00001395   Thumb Code    68  uart_transfer.o(.text)
    GetApromSize                             0x000014a9   Thumb Code    64  targetdev.o(.text)
    GetDataFlashInfo                         0x000014e9   Thumb Code   124  targetdev.o(.text)
    Common_CRC32_Calc                        0x00001571   Thumb Code   144  crc_user.o(.text)
    Calculate_CRC32                          0x00001605   Thumb Code    20  crc_user.o(.text)
    CRC32_Calc                               0x00001619   Thumb Code    20  crc_user.o(.text)
    CRC_Open                                 0x0000162d   Thumb Code    48  crc.o(.text)
    CRC_GetChecksum                          0x00001665   Thumb Code    96  crc.o(.text)
    FMC_SetBootSource                        0x000016cd   Thumb Code    40  fmc.o(.text)
    FMC_Close                                0x000016f9   Thumb Code    12  fmc.o(.text)
    FMC_DisableAPUpdate                      0x00001709   Thumb Code    12  fmc.o(.text)
    FMC_DisableConfigUpdate                  0x00001719   Thumb Code    12  fmc.o(.text)
    FMC_DisableLDUpdate                      0x00001729   Thumb Code    12  fmc.o(.text)
    FMC_DisableSPUpdate                      0x00001739   Thumb Code    12  fmc.o(.text)
    FMC_EnableAPUpdate                       0x00001749   Thumb Code    12  fmc.o(.text)
    FMC_EnableConfigUpdate                   0x00001759   Thumb Code    12  fmc.o(.text)
    FMC_EnableLDUpdate                       0x00001769   Thumb Code    12  fmc.o(.text)
    FMC_EnableSPUpdate                       0x00001779   Thumb Code    12  fmc.o(.text)
    FMC_GetBootSource                        0x00001789   Thumb Code    32  fmc.o(.text)
    FMC_Open                                 0x000017ad   Thumb Code    12  fmc.o(.text)
    FMC_ReadDataFlashBaseAddr                0x000017bd   Thumb Code     8  fmc.o(.text)
    FMC_ReadConfig                           0x000017c9   Thumb Code    88  fmc.o(.text)
    FMC_WriteConfig                          0x00001899   Thumb Code   136  fmc.o(.text)
    FMC_EnableFreqOptimizeMode               0x0000199d   Thumb Code    28  fmc.o(.text)
    FMC_DisableFreqOptimizeMode              0x000019bd   Thumb Code    12  fmc.o(.text)
    WDT_Open                                 0x000019cd   Thumb Code    44  wdt.o(.text)
    __aeabi_memcpy                           0x00001a01   Thumb Code    36  memcpya.o(.text)
    __aeabi_memcpy4                          0x00001a01   Thumb Code     0  memcpya.o(.text)
    __aeabi_memcpy8                          0x00001a01   Thumb Code     0  memcpya.o(.text)
    __aeabi_memset                           0x00001a25   Thumb Code    14  memseta.o(.text)
    __aeabi_memset4                          0x00001a25   Thumb Code     0  memseta.o(.text)
    __aeabi_memset8                          0x00001a25   Thumb Code     0  memseta.o(.text)
    __aeabi_memclr                           0x00001a33   Thumb Code     4  memseta.o(.text)
    __aeabi_memclr4                          0x00001a33   Thumb Code     0  memseta.o(.text)
    __aeabi_memclr8                          0x00001a33   Thumb Code     0  memseta.o(.text)
    _memset$wrapper                          0x00001a37   Thumb Code    18  memseta.o(.text)
    __scatterload                            0x00001a49   Thumb Code    38  init.o(.text)
    __scatterload_rt2                        0x00001a49   Thumb Code     0  init.o(.text)
    __scatterload_copy                       0x00001a79   Thumb Code    14  handlers.o(i.__scatterload_copy)
    __scatterload_null                       0x00001a87   Thumb Code     2  handlers.o(i.__scatterload_null)
    __scatterload_zeroinit                   0x00001a89   Thumb Code    14  handlers.o(i.__scatterload_zeroinit)
    Region$$Table$$Base                      0x00001a98   Number         0  anon$$obj.o(Region$$Table)
    Region$$Table$$Limit                     0x00001ab8   Number         0  anon$$obj.o(Region$$Table)
    CyclesPerUs                              0x20000000   Data           4  system_nuc1261.o(.data.CyclesPerUs)
    PllClock                                 0x20000004   Data           4  system_nuc1261.o(.data.PllClock)
    SystemCoreClock                          0x20000008   Data           4  system_nuc1261.o(.data.SystemCoreClock)
    bUartDataReady                           0x20000820   Data           1  uart_transfer.o(.bss.bUartDataReady)
    bUpdateApromCmd                          0x20000824   Data           4  isp_user.o(.bss.bUpdateApromCmd)
    bufhead                                  0x20000828   Data           1  uart_transfer.o(.bss.bufhead)
    g_FMC_i32ErrCode                         0x2000082c   Data           4  fmc_user.o(.bss.g_FMC_i32ErrCode)
    g_apromSize                              0x20000830   Data           4  isp_user.o(.bss.g_apromSize)
    g_dataFlashAddr                          0x20000834   Data           4  isp_user.o(.bss.g_dataFlashAddr)
    g_dataFlashSize                          0x20000838   Data           4  isp_user.o(.bss.g_dataFlashSize)
    response_buff                            0x2000083c   Data         100  isp_user.o(.bss.response_buff)
    uart_rcvbuf                              0x200008a0   Data         100  uart_transfer.o(.bss.uart_rcvbuf)
    __initial_sp                             0x20000d08   Data           0  startup_nuc1261.o(STACK)



==============================================================================

Memory Map of the image

  Image Entry point : 0x000000d5

  Load Region LR_IROM1 (Base: 0x00000000, Size: 0x00001ac8, Max: 0x00020000, ABSOLUTE)

    Execution Region ER_IROM1 (Exec base: 0x00000000, Load base: 0x00000000, Size: 0x00001ab8, Max: 0x00020000, ABSOLUTE)

    Exec Addr    Load Addr    Size         Type   Attr      Idx    E Section Name        Object

    0x00000000   0x00000000   0x000000c0   Data   RO           15    RESET               startup_nuc1261.o
    0x000000c0   0x000000c0   0x00000000   Code   RO          117  * .ARM.Collect$$$$00000000  mc_p.l(entry.o)
    0x000000c0   0x000000c0   0x00000004   Code   RO          128    .ARM.Collect$$$$00000001  mc_p.l(entry2.o)
    0x000000c4   0x000000c4   0x00000004   Code   RO          131    .ARM.Collect$$$$00000004  mc_p.l(entry5.o)
    0x000000c8   0x000000c8   0x00000000   Code   RO          133    .ARM.Collect$$$$00000008  mc_p.l(entry7b.o)
    0x000000c8   0x000000c8   0x00000000   Code   RO          135    .ARM.Collect$$$$0000000A  mc_p.l(entry8b.o)
    0x000000c8   0x000000c8   0x00000008   Code   RO          136    .ARM.Collect$$$$0000000B  mc_p.l(entry9a.o)
    0x000000d0   0x000000d0   0x00000000   Code   RO          138    .ARM.Collect$$$$0000000D  mc_p.l(entry10a.o)
    0x000000d0   0x000000d0   0x00000000   Code   RO          140    .ARM.Collect$$$$0000000F  mc_p.l(entry11a.o)
    0x000000d0   0x000000d0   0x00000004   Code   RO          129    .ARM.Collect$$$$00002712  mc_p.l(entry2.o)
    0x000000d4   0x000000d4   0x0000003c   Code   RO           16  * .text               startup_nuc1261.o
    0x00000110   0x00000110   0x000002c0   Code   RO           22    .text               main.o
    0x000003d0   0x000003d0   0x00000724   Code   RO           30    .text               isp_user.o
    0x00000af4   0x00000af4   0x00000144   Code   RO           50    .text               fw_metadata.o
    0x00000c38   0x00000c38   0x0000014c   Code   RO           57    .text               fmc_user.o
    0x00000d84   0x00000d84   0x00000524   Code   RO           65    .text               select_fw.o
    0x000012a8   0x000012a8   0x00000200   Code   RO           72    .text               uart_transfer.o
    0x000014a8   0x000014a8   0x000000c8   Code   RO           82    .text               targetdev.o
    0x00001570   0x00001570   0x000000bc   Code   RO           89    .text               crc_user.o
    0x0000162c   0x0000162c   0x000000a0   Code   RO           96    .text               crc.o
    0x000016cc   0x000016cc   0x00000300   Code   RO          103    .text               fmc.o
    0x000019cc   0x000019cc   0x00000034   Code   RO          110    .text               wdt.o
    0x00001a00   0x00001a00   0x00000024   Code   RO          122    .text               mc_p.l(memcpya.o)
    0x00001a24   0x00001a24   0x00000024   Code   RO          124    .text               mc_p.l(memseta.o)
    0x00001a48   0x00001a48   0x00000030   Code   RO          150    .text               mc_p.l(init.o)
    0x00001a78   0x00001a78   0x0000000e   Code   RO          154    i.__scatterload_copy  mc_p.l(handlers.o)
    0x00001a86   0x00001a86   0x00000002   Code   RO          155    i.__scatterload_null  mc_p.l(handlers.o)
    0x00001a88   0x00001a88   0x0000000e   Code   RO          156    i.__scatterload_zeroinit  mc_p.l(handlers.o)
    0x00001a96   0x00001a96   0x00000002   PAD
    0x00001a98   0x00001a98   0x00000020   Data   RO          153    Region$$Table       anon$$obj.o


    Execution Region RW_IRAM1 (Exec base: 0x20000000, Load base: 0x00001ab8, Size: 0x00000d08, Max: 0x00005000, ABSOLUTE)

    Exec Addr    Load Addr    Size         Type   Attr      Idx    E Section Name        Object

    0x20000000   0x00001ab8   0x00000004   Data   RW            4    .data.CyclesPerUs   system_nuc1261.o
    0x20000004   0x00001abc   0x00000004   Data   RW            5    .data.PllClock      system_nuc1261.o
    0x20000008   0x00001ac0   0x00000004   Data   RW            3    .data.SystemCoreClock  system_nuc1261.o
    0x2000000c   0x00001ac4   0x00000004   PAD
    0x20000010        -       0x00000004   Zero   RW           34    .bss.ParseCmd.LastDataLen  isp_user.o
    0x20000014        -       0x00000004   Zero   RW           32    .bss.ParseCmd.StartAddress  isp_user.o
    0x20000018        -       0x00000004   Zero   RW           33    .bss.ParseCmd.TotalLen  isp_user.o
    0x2000001c        -       0x00000001   Zero   RW           37    .bss.ParseCmd.g_fw_bank_locked  isp_user.o
    0x2000001d        -       0x00000001   Zero   RW           36    .bss.ParseCmd.g_packno  isp_user.o
    0x2000001e        -       0x00000001   Zero   RW           35    .bss.ParseCmd.gcmd  isp_user.o
    0x2000001f   0x00001ac4   0x00000001   PAD
    0x20000020        -       0x00000800   Zero   RW           43    .bss.aprom_buf      isp_user.o
    0x20000820        -       0x00000001   Zero   RW           75    .bss.bUartDataReady  uart_transfer.o
    0x20000821   0x00001ac4   0x00000003   PAD
    0x20000824        -       0x00000004   Zero   RW           42    .bss.bUpdateApromCmd  isp_user.o
    0x20000828        -       0x00000001   Zero   RW           76    .bss.bufhead        uart_transfer.o
    0x20000829   0x00001ac4   0x00000003   PAD
    0x2000082c        -       0x00000004   Zero   RW           59    .bss.g_FMC_i32ErrCode  fmc_user.o
    0x20000830        -       0x00000004   Zero   RW           40    .bss.g_apromSize    isp_user.o
    0x20000834        -       0x00000004   Zero   RW           39    .bss.g_dataFlashAddr  isp_user.o
    0x20000838        -       0x00000004   Zero   RW           41    .bss.g_dataFlashSize  isp_user.o
    0x2000083c        -       0x00000064   Zero   RW           38    .bss.response_buff  isp_user.o
    0x200008a0        -       0x00000064   Zero   RW           74    .bss.uart_rcvbuf    uart_transfer.o
    0x20000904   0x00001ac4   0x00000004   PAD
    0x20000908        -       0x00000400   Zero   RW           13    STACK               startup_nuc1261.o


==============================================================================

Image component sizes


      Code (inc. data)   RO Data    RW Data    ZI Data      Debug   Object Name

       160         16          0          0          0       1113   crc.o
       188          4          0          0          0       1406   crc_user.o
       768        116          0          0          0       3498   fmc.o
       332         28          0          0          4       1811   fmc_user.o
       324         24          0          0          0       2035   fw_metadata.o
      1828        160          0          0       2179       5983   isp_user.o
       704        152          0          0          0       4171   main.o
      1316        136          0          0          0       5980   select_fw.o
        60         16        192          0       1024        824   startup_nuc1261.o
         0          0          0         12          0       2189   system_nuc1261.o
       200         12          0          0          0        965   targetdev.o
       512         80          0          0        102       3397   uart_transfer.o
        52          8          0          0          0        933   wdt.o

    ----------------------------------------------------------------------
      6444        752        224         12       3324      34305   Object Totals
         0          0         32          0          0          0   (incl. Generated)
         0          0          0          0         15          0   (incl. Padding)

    ----------------------------------------------------------------------

      Code (inc. data)   RO Data    RW Data    ZI Data      Debug   Library Member Name

         0          0          0          0          0          0   entry.o
         0          0          0          0          0          0   entry10a.o
         0          0          0          0          0          0   entry11a.o
         8          4          0          0          0          0   entry2.o
         4          0          0          0          0          0   entry5.o
         0          0          0          0          0          0   entry7b.o
         0          0          0          0          0          0   entry8b.o
         8          4          0          0          0          0   entry9a.o
        30          0          0          0          0          0   handlers.o
        48         10          0          0          0         68   init.o
        36          0          0          0          0         60   memcpya.o
        36          0          0          0          0        100   memseta.o

    ----------------------------------------------------------------------
       172         18          0          0          0        228   Library Totals
         2          0          0          0          0          0   (incl. Padding)

    ----------------------------------------------------------------------

      Code (inc. data)   RO Data    RW Data    ZI Data      Debug   Library Name

       170         18          0          0          0        228   mc_p.l

    ----------------------------------------------------------------------
       172         18          0          0          0        228   Library Totals

    ----------------------------------------------------------------------

==============================================================================


      Code (inc. data)   RO Data    RW Data    ZI Data      Debug   

      6616        770        224         12       3324      34441   Grand Totals
      6616        770        224         12       3324      34441   ELF Image Totals
      6616        770        224         12          0          0   ROM Totals

==============================================================================

    Total RO  Size (Code + RO Data)                 6840 (   6.68kB)
    Total RW  Size (RW Data + ZI Data)              3336 (   3.26kB)
    Total ROM Size (Code + RO Data + RW Data)       6852 (   6.69kB)

==============================================================================

